Archive member included to satisfy reference by file (symbol)

/Applications/ArmGNUToolchain/12.2.rel1/arm-none-eabi/bin/../lib/gcc/arm-none-eabi/12.2.1/thumb/v8-m.main+fp/hard/libgcc.a(_aeabi_ldivmod.o)
                              ./simplicity_sdk_2025.6.2/platform/emlib/src/em_eusart.o (__aeabi_ldivmod)
/Applications/ArmGNUToolchain/12.2.rel1/arm-none-eabi/bin/../lib/gcc/arm-none-eabi/12.2.1/thumb/v8-m.main+fp/hard/libgcc.a(_aeabi_uldivmod.o)
                              ./simplicity_sdk_2025.6.2/platform/emlib/src/em_eusart.o (__aeabi_uldivmod)
/Applications/ArmGNUToolchain/12.2.rel1/arm-none-eabi/bin/../lib/gcc/arm-none-eabi/12.2.1/thumb/v8-m.main+fp/hard/libgcc.a(_udivmoddi4.o)
                              /Applications/ArmGNUToolchain/12.2.rel1/arm-none-eabi/bin/../lib/gcc/arm-none-eabi/12.2.1/thumb/v8-m.main+fp/hard/libgcc.a(_aeabi_ldivmod.o) (__udivmoddi4)
/Applications/ArmGNUToolchain/12.2.rel1/arm-none-eabi/bin/../lib/gcc/arm-none-eabi/12.2.1/thumb/v8-m.main+fp/hard/libgcc.a(_dvmd_tls.o)
                              /Applications/ArmGNUToolchain/12.2.rel1/arm-none-eabi/bin/../lib/gcc/arm-none-eabi/12.2.1/thumb/v8-m.main+fp/hard/libgcc.a(_aeabi_ldivmod.o) (__aeabi_ldiv0)
/Applications/ArmGNUToolchain/12.2.rel1/arm-none-eabi/bin/../lib/gcc/arm-none-eabi/12.2.1/../../../../arm-none-eabi/lib/thumb/v8-m.main+fp/hard/libc_nano.a(libc_a-exit.o)
                              /Applications/ArmGNUToolchain/12.2.rel1/arm-none-eabi/bin/../lib/gcc/arm-none-eabi/12.2.1/../../../../arm-none-eabi/lib/thumb/v8-m.main+fp/hard/crt0.o (exit)
/Applications/ArmGNUToolchain/12.2.rel1/arm-none-eabi/bin/../lib/gcc/arm-none-eabi/12.2.1/../../../../arm-none-eabi/lib/thumb/v8-m.main+fp/hard/libc_nano.a(libc_a-findfp.o)
                              /Applications/ArmGNUToolchain/12.2.rel1/arm-none-eabi/bin/../lib/gcc/arm-none-eabi/12.2.1/../../../../arm-none-eabi/lib/thumb/v8-m.main+fp/hard/libc_nano.a(libc_a-exit.o) (__stdio_exit_handler)
/Applications/ArmGNUToolchain/12.2.rel1/arm-none-eabi/bin/../lib/gcc/arm-none-eabi/12.2.1/../../../../arm-none-eabi/lib/thumb/v8-m.main+fp/hard/libc_nano.a(libc_a-fwalk.o)
                              /Applications/ArmGNUToolchain/12.2.rel1/arm-none-eabi/bin/../lib/gcc/arm-none-eabi/12.2.1/../../../../arm-none-eabi/lib/thumb/v8-m.main+fp/hard/libc_nano.a(libc_a-findfp.o) (_fwalk_sglue)
/Applications/ArmGNUToolchain/12.2.rel1/arm-none-eabi/bin/../lib/gcc/arm-none-eabi/12.2.1/../../../../arm-none-eabi/lib/thumb/v8-m.main+fp/hard/libc_nano.a(libc_a-memset.o)
                              /Applications/ArmGNUToolchain/12.2.rel1/arm-none-eabi/bin/../lib/gcc/arm-none-eabi/12.2.1/../../../../arm-none-eabi/lib/thumb/v8-m.main+fp/hard/crt0.o (memset)
/Applications/ArmGNUToolchain/12.2.rel1/arm-none-eabi/bin/../lib/gcc/arm-none-eabi/12.2.1/../../../../arm-none-eabi/lib/thumb/v8-m.main+fp/hard/libc_nano.a(libc_a-impure.o)
                              /Applications/ArmGNUToolchain/12.2.rel1/arm-none-eabi/bin/../lib/gcc/arm-none-eabi/12.2.1/../../../../arm-none-eabi/lib/thumb/v8-m.main+fp/hard/libc_nano.a(libc_a-findfp.o) (_impure_data)
/Applications/ArmGNUToolchain/12.2.rel1/arm-none-eabi/bin/../lib/gcc/arm-none-eabi/12.2.1/../../../../arm-none-eabi/lib/thumb/v8-m.main+fp/hard/libc_nano.a(libc_a-init.o)
                              /Applications/ArmGNUToolchain/12.2.rel1/arm-none-eabi/bin/../lib/gcc/arm-none-eabi/12.2.1/../../../../arm-none-eabi/lib/thumb/v8-m.main+fp/hard/crt0.o (__libc_init_array)
/Applications/ArmGNUToolchain/12.2.rel1/arm-none-eabi/bin/../lib/gcc/arm-none-eabi/12.2.1/../../../../arm-none-eabi/lib/thumb/v8-m.main+fp/hard/libc_nano.a(libc_a-lock.o)
                              /Applications/ArmGNUToolchain/12.2.rel1/arm-none-eabi/bin/../lib/gcc/arm-none-eabi/12.2.1/../../../../arm-none-eabi/lib/thumb/v8-m.main+fp/hard/libc_nano.a(libc_a-findfp.o) (__retarget_lock_init_recursive)
/Applications/ArmGNUToolchain/12.2.rel1/arm-none-eabi/bin/../lib/gcc/arm-none-eabi/12.2.1/../../../../arm-none-eabi/lib/thumb/v8-m.main+fp/hard/libc_nano.a(libc_a-memcpy-stub.o)
                              ./simplicity_sdk_2025.6.2/platform/service/memory_manager/src/sl_memory_manager.o (memcpy)
/Applications/ArmGNUToolchain/12.2.rel1/arm-none-eabi/bin/../lib/gcc/arm-none-eabi/12.2.1/../../../../arm-none-eabi/lib/thumb/v8-m.main+fp/hard/libc_nano.a(libc_a-strlen.o)
                              ./task1.o (strlen)
/Applications/ArmGNUToolchain/12.2.rel1/arm-none-eabi/bin/../lib/gcc/arm-none-eabi/12.2.1/../../../../arm-none-eabi/lib/thumb/v8-m.main+fp/hard/libc_nano.a(libc_a-strcpy.o)
                              ./task1.o (strcpy)
/Applications/ArmGNUToolchain/12.2.rel1/arm-none-eabi/bin/../lib/gcc/arm-none-eabi/12.2.1/../../../../arm-none-eabi/lib/thumb/v8-m.main+fp/hard/libc_nano.a(libc_a-fflush.o)
[...]
Memory Configuration

Name             Origin             Length             Attributes
FLASH            0x0000000008000000 0x000000000017e000 xr
RAM              0x0000000020000000 0x0000000000040000 xrw
*default*        0x0000000000000000 0xffffffffffffffff

Linker script and memory map

LOAD /Applications/ArmGNUToolchain/12.2.rel1/arm-none-eabi/bin/../lib/gcc/arm-none-eabi/12.2.1/thumb/v8-m.main+fp/hard/crti.o
LOAD /Applications/ArmGNUToolchain/12.2.rel1/arm-none-eabi/bin/../lib/gcc/arm-none-eabi/12.2.1/thumb/v8-m.main+fp/hard/crtbegin.o
LOAD /Applications/ArmGNUToolchain/12.2.rel1/arm-none-eabi/bin/../lib/gcc/arm-none-eabi/12.2.1/../../../../arm-none-eabi/lib/thumb/v8-m.main+fp/hard/crt0.o
START GROUP
LOAD ./app.o
LOAD ./main.o
LOAD ./task1.o
LOAD ./task2.o
LOAD ./autogen/sl_board_default_init.o
LOAD ./autogen/sl_event_handler.o
LOAD ./autogen/sl_simple_button_instances.o
LOAD ./autogen/sl_simple_led_instances.o
LOAD ./autogen/sl_uartdrv_init.o
LOAD ./simplicity_sdk_2025.6.2/hardware/board/src/sl_board_control_gpio.o
LOAD ./simplicity_sdk_2025.6.2/hardware/board/src/sl_board_init.o
LOAD ./simplicity_sdk_2025.6.2/platform/CMSIS/RTOS2/Source/os_systick.o
LOAD ./simplicity_sdk_2025.6.2/platform/Device/SiliconLabs/EFR32MG24/Source/startup_efr32mg24.o
LOAD ./simplicity_sdk_2025.6.2/platform/Device/SiliconLabs/EFR32MG24/Source/system_efr32mg24.o
LOAD ./simplicity_sdk_2025.6.2/platform/common/src/sl_assert.o
LOAD ./simplicity_sdk_2025.6.2/platform/common/src/sl_cmsis_os2_common.o
LOAD ./simplicity_sdk_2025.6.2/platform/common/src/sl_core_cortexm.o
LOAD ./simplicity_sdk_2025.6.2/platform/common/src/sl_syscalls.o
LOAD ./simplicity_sdk_2025.6.2/platform/driver/button/src/sl_button.o
LOAD ./simplicity_sdk_2025.6.2/platform/driver/button/src/sl_simple_button.o
LOAD ./simplicity_sdk_2025.6.2/platform/driver/gpio/src/sl_gpio.o
LOAD ./simplicity_sdk_2025.6.2/platform/driver/leddrv/src/sl_led.o
LOAD ./simplicity_sdk_2025.6.2/platform/driver/leddrv/src/sl_simple_led.o
LOAD ./simplicity_sdk_2025.6.2/platform/emdrv/dmadrv/src/dmadrv.o
LOAD ./simplicity_sdk_2025.6.2/platform/emdrv/uartdrv/src/uartdrv.o
LOAD ./simplicity_sdk_2025.6.2/platform/emlib/src/em_burtc.o
LOAD ./simplicity_sdk_2025.6.2/platform/emlib/src/em_cmu.o
LOAD ./simplicity_sdk_2025.6.2/platform/emlib/src/em_emu.o
LOAD ./simplicity_sdk_2025.6.2/platform/emlib/src/em_eusart.o
LOAD ./simplicity_sdk_2025.6.2/platform/emlib/src/em_gpio.o
LOAD ./simplicity_sdk_2025.6.2/platform/emlib/src/em_ldma.o
LOAD ./simplicity_sdk_2025.6.2/platform/emlib/src/em_msc.o
LOAD ./simplicity_sdk_2025.6.2/platform/emlib/src/em_prs.o
LOAD ./simplicity_sdk_2025.6.2/platform/emlib/src/em_system.o
LOAD ./simplicity_sdk_2025.6.2/platform/emlib/src/em_timer.o
LOAD ./simplicity_sdk_2025.6.2/platform/emlib/src/em_usart.o
LOAD ./simplicity_sdk_2025.6.2/platform/peripheral/src/sl_hal_gpio.o
LOAD ./simplicity_sdk_2025.6.2/platform/peripheral/src/sl_hal_sysrtc.o
LOAD ./simplicity_sdk_2025.6.2/platform/service/clock_manager/src/sl_clock_manager.o
LOAD ./simplicity_sdk_2025.6.2/platform/service/clock_manager/src/sl_clock_manager_hal_s2.o
LOAD ./simplicity_sdk_2025.6.2/platform/service/clock_manager/src/sl_clock_manager_init.o
LOAD ./simplicity_sdk_2025.6.2/platform/service/clock_manager/src/sl_clock_manager_init_hal_s2.o
LOAD ./simplicity_sdk_2025.6.2/platform/service/device_init/src/sl_device_init_dcdc_s2.o
LOAD ./simplicity_sdk_2025.6.2/platform/service/device_init/src/sl_device_init_emu_s2.o
LOAD ./simplicity_sdk_2025.6.2/platform/service/device_manager/clocks/sl_device_clock_efr32xg24.o
LOAD ./simplicity_sdk_2025.6.2/platform/service/device_manager/devices/sl_device_peripheral_hal_efr32xg24.o
LOAD ./simplicity_sdk_2025.6.2/platform/service/device_manager/src/sl_device_clock.o
LOAD ./simplicity_sdk_2025.6.2/platform/service/device_manager/src/sl_device_gpio.o
LOAD ./simplicity_sdk_2025.6.2/platform/service/device_manager/src/sl_device_peripheral.o
LOAD ./simplicity_sdk_2025.6.2/platform/service/interrupt_manager/src/sl_interrupt_manager_cortexm.o
LOAD ./simplicity_sdk_2025.6.2/platform/service/memory_manager/src/sl_memory_manager.o
LOAD ./simplicity_sdk_2025.6.2/platform/service/memory_manager/src/sl_memory_manager_dynamic_reservation.o
LOAD ./simplicity_sdk_2025.6.2/platform/service/memory_manager/src/sl_memory_manager_pool.o
LOAD ./simplicity_sdk_2025.6.2/platform/service/memory_manager/src/sl_memory_manager_pool_common.o
LOAD ./simplicity_sdk_2025.6.2/platform/service/memory_manager/src/sl_memory_manager_region.o
LOAD ./simplicity_sdk_2025.6.2/platform/service/memory_manager/src/sl_memory_manager_retarget.o
LOAD ./simplicity_sdk_2025.6.2/platform/service/memory_manager/src/sli_memory_manager_common.o
LOAD ./simplicity_sdk_2025.6.2/platform/service/sl_main/src/rtos/main_retarget.o
LOAD ./simplicity_sdk_2025.6.2/platform/service/sl_main/src/sl_main_init.o
LOAD ./simplicity_sdk_2025.6.2/platform/service/sl_main/src/sl_main_init_memory.o
LOAD ./simplicity_sdk_2025.6.2/platform/service/sl_main/src/sl_main_kernel.o
LOAD ./simplicity_sdk_2025.6.2/platform/service/sleeptimer/src/sl_sleeptimer.o
LOAD ./simplicity_sdk_2025.6.2/platform/service/sleeptimer/src/sl_sleeptimer_hal_burtc.o
LOAD ./simplicity_sdk_2025.6.2/platform/service/sleeptimer/src/sl_sleeptimer_hal_sysrtc.o
LOAD ./simplicity_sdk_2025.6.2/platform/service/sleeptimer/src/sl_sleeptimer_hal_timer.o
LOAD ./simplicity_sdk_2025.6.2/util/third_party/freertos/cmsis/Source/cmsis_os2.o
LOAD ./simplicity_sdk_2025.6.2/util/third_party/freertos/kernel/croutine.o
LOAD ./simplicity_sdk_2025.6.2/util/third_party/freertos/kernel/event_groups.o
LOAD ./simplicity_sdk_2025.6.2/util/third_party/freertos/kernel/list.o
LOAD ./simplicity_sdk_2025.6.2/util/third_party/freertos/kernel/queue.o
LOAD ./simplicity_sdk_2025.6.2/util/third_party/freertos/kernel/stream_buffer.o
LOAD ./simplicity_sdk_2025.6.2/util/third_party/freertos/kernel/tasks.o
LOAD ./simplicity_sdk_2025.6.2/util/third_party/freertos/kernel/timers.o
LOAD ./simplicity_sdk_2025.6.2/util/third_party/freertos/kernel/portable/GCC/ARM_CM33_NTZ/non_secure/mpu_wrappers_v2_asm.o
LOAD ./simplicity_sdk_2025.6.2/util/third_party/freertos/kernel/portable/GCC/ARM_CM33_NTZ/non_secure/port.o
LOAD ./simplicity_sdk_2025.6.2/util/third_party/freertos/kernel/portable/GCC/ARM_CM33_NTZ/non_secure/portasm.o
LOAD ./simplicity_sdk_2025.6.2/util/third_party/freertos/kernel/portable/MemMang/heap_3.o
LOAD /Applications/ArmGNUToolchain/12.2.rel1/arm-none-eabi/bin/../lib/gcc/arm-none-eabi/12.2.1/thumb/v8-m.main+fp/hard/libgcc.a
LOAD /Applications/ArmGNUToolchain/12.2.rel1/arm-none-eabi/bin/../lib/gcc/arm-none-eabi/12.2.1/../../../../arm-none-eabi/lib/thumb/v8-m.main+fp/hard/libc_nano.a
LOAD /Applications/ArmGNUToolchain/12.2.rel1/arm-none-eabi/bin/../lib/gcc/arm-none-eabi/12.2.1/../../../../arm-none-eabi/lib/thumb/v8-m.main+fp/hard/libm.a
LOAD /Applications/ArmGNUToolchain/12.2.rel1/arm-none-eabi/bin/../lib/gcc/arm-none-eabi/12.2.1/../../../../arm-none-eabi/lib/thumb/v8-m.main+fp/hard/libnosys.a
END GROUP
START GROUP
LOAD /Applications/ArmGNUToolchain/12.2.rel1/arm-none-eabi/bin/../lib/gcc/arm-none-eabi/12.2.1/thumb/v8-m.main+fp/hard/libgcc.a
LOAD /Applications/ArmGNUToolchain/12.2.rel1/arm-none-eabi/bin/../lib/gcc/arm-none-eabi/12.2.1/../../../../arm-none-eabi/lib/thumb/v8-m.main+fp/hard/libc_nano.a
LOAD /Applications/ArmGNUToolchain/12.2.rel1/arm-none-eabi/bin/../lib/gcc/arm-none-eabi/12.2.1/../../../../arm-none-eabi/lib/thumb/v8-m.main+fp/hard/libnosys.a
END GROUP
START GROUP
LOAD /Applications/ArmGNUToolchain/12.2.rel1/arm-none-eabi/bin/../lib/gcc/arm-none-eabi/12.2.1/thumb/v8-m.main+fp/hard/libgcc.a
LOAD /Applications/ArmGNUToolchain/12.2.rel1/arm-none-eabi/bin/../lib/gcc/arm-none-eabi/12.2.1/../../../../arm-none-eabi/lib/thumb/v8-m.main+fp/hard/libg_nano.a
LOAD /Applications/ArmGNUToolchain/12.2.rel1/arm-none-eabi/bin/../lib/gcc/arm-none-eabi/12.2.1/../../../../arm-none-eabi/lib/thumb/v8-m.main+fp/hard/libc_nano.a
END GROUP
START GROUP
LOAD /Applications/ArmGNUToolchain/12.2.rel1/arm-none-eabi/bin/../lib/gcc/arm-none-eabi/12.2.1/thumb/v8-m.main+fp/hard/libgcc.a
LOAD /Applications/ArmGNUToolchain/12.2.rel1/arm-none-eabi/bin/../lib/gcc/arm-none-eabi/12.2.1/../../../../arm-none-eabi/lib/thumb/v8-m.main+fp/hard/libc_nano.a
END GROUP
LOAD /Applications/ArmGNUToolchain/12.2.rel1/arm-none-eabi/bin/../lib/gcc/arm-none-eabi/12.2.1/thumb/v8-m.main+fp/hard/crtend.o
LOAD /Applications/ArmGNUToolchain/12.2.rel1/arm-none-eabi/bin/../lib/gcc/arm-none-eabi/12.2.1/thumb/v8-m.main+fp/hard/crtn.o

.vectors        0x0000000008000000      0x170
                0x0000000008000000                linker_vectors_begin = .
 *(.vectors)
 .vectors       0x0000000008000000      0x170 ./simplicity_sdk_2025.6.2/platform/Device/SiliconLabs/EFR32MG24/Source/startup_efr32mg24.o
                0x0000000008000000                __Vectors
                0x0000000008000170                linker_vectors_end = .
                0x0000000008000170                __Vectors_End = .
                0x0000000008000170                __Vectors_Size = (__Vectors_End - __Vectors)

.stack          0x0000000020000000      0x400
                0x0000000020000000                . = ALIGN (0x8)
                0x0000000020000000                __StackLimit = .
 *(.stack*)
 .stack         0x0000000020000000      0x400 ./simplicity_sdk_2025.6.2/platform/service/memory_manager/src/sl_memory_manager_region.o
                0x0000000020000400                . = ALIGN (0x4)
                0x0000000020000400                __StackTop = .
                0x0000000020000400                PROVIDE (__stack = __StackTop)

.bss            0x0000000020000400     0x15b4
                0x0000000020000400                . = ALIGN (0x4)
                0x0000000020000400                __bss_start__ = .
 *(SORT_BY_ALIGNMENT(.bss*))
 .bss.object.0  0x0000000020000400       0x18 /Applications/ArmGNUToolchain/12.2.rel1/arm-none-eabi/bin/../lib/gcc/arm-none-eabi/12.2.1/thumb/v8-m.main+fp/hard/crtbegin.o
 .bss.xTaskBuffer.0
                0x0000000020000418       0x58 ./task1.o
 .bss.xStack.1  0x0000000020000470      0x280 ./task1.o
 .bss.uart_handle
                0x00000000200006f0        0x4 ./task1.o
 .bss.xTaskBuffer.0
                0x00000000200006f4       0x58 ./task2.o
 .bss.xStack.1  0x000000002000074c      0x280 ./task2.o
 .bss.uart_handle
                0x00000000200009cc        0x4 ./task2.o
 .bss.sli_uartdrv_default_handle
                0x00000000200009d0        0x4 ./autogen/sl_uartdrv_init.o
 .bss.sl_uartdrv_usart_vcom_handle_data
                0x00000000200009d4       0x64 ./autogen/sl_uartdrv_init.o
                0x00000000200009d4                sl_uartdrv_usart_vcom_handle_data
 .bss.gpio_interrupts
                0x0000000020000a38      0x168 ./simplicity_sdk_2025.6.2/platform/driver/gpio/src/sl_gpio.o
 .bss.dmaXfer   0x0000000020000ba0      0x100 ./simplicity_sdk_2025.6.2/platform/emdrv/dmadrv/src/dmadrv.o
 .bss.chTable   0x0000000020000ca0       0x80 ./simplicity_sdk_2025.6.2/platform/emdrv/dmadrv/src/dmadrv.o
 .bss.uartdrvHandle
                0x0000000020000d20       0x10 ./simplicity_sdk_2025.6.2/platform/emdrv/uartdrv/src/uartdrv.o
 .bss.sli_general_purpose_heap
                0x0000000020000d30       0x28 ./simplicity_sdk_2025.6.2/platform/service/memory_manager/src/sl_memory_manager.o
                0x0000000020000d30                sli_general_purpose_heap
 .bss.start_task_id
                0x0000000020000d58        0x4 ./simplicity_sdk_2025.6.2/platform/service/sl_main/src/sl_main_kernel.o
                0x0000000020000d58                start_task_id
 .bss.max_millisecond_conversion
                0x0000000020000d5c        0x4 ./simplicity_sdk_2025.6.2/platform/service/sleeptimer/src/sl_sleeptimer.o
 .bss.last_delta_update_count
                0x0000000020000d60        0x4 ./simplicity_sdk_2025.6.2/platform/service/sleeptimer/src/sl_sleeptimer.o
 .bss.timer_head
                0x0000000020000d64        0x4 ./simplicity_sdk_2025.6.2/platform/service/sleeptimer/src/sl_sleeptimer.o
 .bss.timer_frequency
                0x0000000020000d68        0x4 ./simplicity_sdk_2025.6.2/platform/service/sleeptimer/src/sl_sleeptimer.o
 .bss.overflow_counter
                0x0000000020000d6c        0x4 ./simplicity_sdk_2025.6.2/platform/service/sleeptimer/src/sl_sleeptimer.o
 .bss.Timer_Stack.0
                0x0000000020000d70      0x280 ./simplicity_sdk_2025.6.2/util/third_party/freertos/cmsis/Source/cmsis_os2.o
 .bss.Timer_TCB.1
                0x0000000020000ff0       0x58 ./simplicity_sdk_2025.6.2/util/third_party/freertos/cmsis/Source/cmsis_os2.o
 .bss.Idle_Stack.2
                0x0000000020001048      0x280 ./simplicity_sdk_2025.6.2/util/third_party/freertos/cmsis/Source/cmsis_os2.o
 .bss.Idle_TCB.3
                0x00000000200012c8       0x58 ./simplicity_sdk_2025.6.2/util/third_party/freertos/cmsis/Source/cmsis_os2.o
 .bss.KernelState
                0x0000000020001320        0x4 ./simplicity_sdk_2025.6.2/util/third_party/freertos/cmsis/Source/cmsis_os2.o
 .bss.xQueueRegistry
                0x0000000020001324       0x50 ./simplicity_sdk_2025.6.2/util/third_party/freertos/kernel/queue.o
                0x0000000020001324                xQueueRegistry
 .bss.uxSchedulerSuspended
                0x0000000020001374        0x4 ./simplicity_sdk_2025.6.2/util/third_party/freertos/kernel/tasks.o
 .bss.xIdleTaskHandles
                0x0000000020001378        0x4 ./simplicity_sdk_2025.6.2/util/third_party/freertos/kernel/tasks.o
 .bss.xNextTaskUnblockTime
                0x000000002000137c        0x4 ./simplicity_sdk_2025.6.2/util/third_party/freertos/kernel/tasks.o
 .bss.uxTaskNumber
                0x0000000020001380        0x4 ./simplicity_sdk_2025.6.2/util/third_party/freertos/kernel/tasks.o
 .bss.xNumOfOverflows
                0x0000000020001384        0x4 ./simplicity_sdk_2025.6.2/util/third_party/freertos/kernel/tasks.o
 .bss.xYieldPendings
                0x0000000020001388        0x4 ./simplicity_sdk_2025.6.2/util/third_party/freertos/kernel/tasks.o
 .bss.xPendedTicks
                0x000000002000138c        0x4 ./simplicity_sdk_2025.6.2/util/third_party/freertos/kernel/tasks.o
 .bss.xSchedulerRunning
                0x0000000020001390        0x4 ./simplicity_sdk_2025.6.2/util/third_party/freertos/kernel/tasks.o
 .bss.uxTopReadyPriority
                0x0000000020001394        0x4 ./simplicity_sdk_2025.6.2/util/third_party/freertos/kernel/tasks.o
 .bss.xTickCount
                0x0000000020001398        0x4 ./simplicity_sdk_2025.6.2/util/third_party/freertos/kernel/tasks.o
 .bss.uxCurrentNumberOfTasks
                0x000000002000139c        0x4 ./simplicity_sdk_2025.6.2/util/third_party/freertos/kernel/tasks.o
 .bss.xSuspendedTaskList
                0x00000000200013a0       0x14 ./simplicity_sdk_2025.6.2/util/third_party/freertos/kernel/tasks.o
 .bss.uxDeletedTasksWaitingCleanUp
                0x00000000200013b4        0x4 ./simplicity_sdk_2025.6.2/util/third_party/freertos/kernel/tasks.o
 .bss.xTasksWaitingTermination
                0x00000000200013b8       0x14 ./simplicity_sdk_2025.6.2/util/third_party/freertos/kernel/tasks.o
 .bss.xPendingReadyList
                0x00000000200013cc       0x14 ./simplicity_sdk_2025.6.2/util/third_party/freertos/kernel/tasks.o
 .bss.pxOverflowDelayedTaskList
                0x00000000200013e0        0x4 ./simplicity_sdk_2025.6.2/util/third_party/freertos/kernel/tasks.o
 .bss.pxDelayedTaskList
                0x00000000200013e4        0x4 ./simplicity_sdk_2025.6.2/util/third_party/freertos/kernel/tasks.o
 .bss.xDelayedTaskList2
                0x00000000200013e8       0x14 ./simplicity_sdk_2025.6.2/util/third_party/freertos/kernel/tasks.o
 .bss.xDelayedTaskList1
                0x00000000200013fc       0x14 ./simplicity_sdk_2025.6.2/util/third_party/freertos/kernel/tasks.o
 .bss.pxReadyTasksLists
                0x0000000020001410      0x460 ./simplicity_sdk_2025.6.2/util/third_party/freertos/kernel/tasks.o
 .bss.pxCurrentTCB
                0x0000000020001870        0x4 ./simplicity_sdk_2025.6.2/util/third_party/freertos/kernel/tasks.o
                0x0000000020001870                pxCurrentTCB
 .bss.xLastTime.0
                0x0000000020001874        0x4 ./simplicity_sdk_2025.6.2/util/third_party/freertos/kernel/timers.o
 .bss.xStaticTimerQueue.1
                0x0000000020001878       0x50 ./simplicity_sdk_2025.6.2/util/third_party/freertos/kernel/timers.o
 .bss.xTimerTaskHandle
                0x00000000200018c8        0x4 ./simplicity_sdk_2025.6.2/util/third_party/freertos/kernel/timers.o
 .bss.xTimerQueue
                0x00000000200018cc        0x4 ./simplicity_sdk_2025.6.2/util/third_party/freertos/kernel/timers.o
 .bss.pxOverflowTimerList
                0x00000000200018d0        0x4 ./simplicity_sdk_2025.6.2/util/third_party/freertos/kernel/timers.o
 .bss.pxCurrentTimerList
                0x00000000200018d4        0x4 ./simplicity_sdk_2025.6.2/util/third_party/freertos/kernel/timers.o
 .bss.xActiveTimerList2
                0x00000000200018d8       0x14 ./simplicity_sdk_2025.6.2/util/third_party/freertos/kernel/timers.o
 .bss.xActiveTimerList1
                0x00000000200018ec       0x14 ./simplicity_sdk_2025.6.2/util/third_party/freertos/kernel/timers.o
 .bss.ulMaxPRIGROUPValue
                0x0000000020001900        0x4 ./simplicity_sdk_2025.6.2/util/third_party/freertos/kernel/portable/GCC/ARM_CM33_NTZ/non_secure/port.o
 .bss.__stdio_exit_handler
                0x0000000020001904        0x4 /Applications/ArmGNUToolchain/12.2.rel1/arm-none-eabi/bin/../lib/gcc/arm-none-eabi/12.2.1/../../../../arm-none-eabi/lib/thumb/v8-m.main+fp/hard/libc_nano.a(libc_a-findfp.o)
                0x0000000020001904                __stdio_exit_handler
 .bss.completed.1
                0x0000000020001908        0x1 /Applications/ArmGNUToolchain/12.2.rel1/arm-none-eabi/bin/../lib/gcc/arm-none-eabi/12.2.1/thumb/v8-m.main+fp/hard/crtbegin.o
 .bss.initialized
                0x0000000020001909        0x1 ./simplicity_sdk_2025.6.2/platform/emdrv/dmadrv/src/dmadrv.o
 .bss.uartdrvHandleIsInitialized
                0x000000002000190a        0x1 ./simplicity_sdk_2025.6.2/platform/emdrv/uartdrv/src/uartdrv.o
 .bss.pclkDiv   0x000000002000190b        0x1 ./simplicity_sdk_2025.6.2/platform/emlib/src/em_cmu.o
 .bss.vScaleEM01Config
                0x000000002000190c        0x1 ./simplicity_sdk_2025.6.2/platform/emlib/src/em_emu.o
 .bss.is_interrupt_manager_initialized
                0x000000002000190d        0x1 ./simplicity_sdk_2025.6.2/platform/service/interrupt_manager/src/sl_interrupt_manager_cortexm.o
 .bss.sleep_on_isr_exit
                0x000000002000190e        0x1 ./simplicity_sdk_2025.6.2/platform/service/sleeptimer/src/sl_sleeptimer.o
 .bss.next_timer_to_expire_is_power_manager
                0x000000002000190f        0x1 ./simplicity_sdk_2025.6.2/platform/service/sleeptimer/src/sl_sleeptimer.o
 .bss.is_sleeptimer_initialized
                0x0000000020001910        0x1 ./simplicity_sdk_2025.6.2/platform/service/sleeptimer/src/sl_sleeptimer.o
 .bss.ucStaticTimerQueueStorage.2
                0x0000000020001911       0xa0 ./simplicity_sdk_2025.6.2/util/third_party/freertos/kernel/timers.o
 .bss.ucMaxSysCallPriority
                0x00000000200019b1        0x1 ./simplicity_sdk_2025.6.2/util/third_party/freertos/kernel/portable/GCC/ARM_CM33_NTZ/non_secure/port.o
 *(COMMON)
                0x00000000200019b4                . = ALIGN (0x4)
 *fill*         0x00000000200019b2        0x2 
                0x00000000200019b4                __bss_end__ = .

.noinit
 *(.noinit*)

text_application_ram
                0x00000000200019b4        0x0 load address 0x0000000008000170
                0x00000000200019b4                . = ALIGN (0x4)
                0x00000000200019b4                __vma_ramfuncs_start__ = .
                0x00000000200019b4                __text_application_ram_start__ = .
 *(text_application_ram)
                0x00000000200019b4                . = ALIGN (0x4)
                0x00000000200019b4                __vma_ramfuncs_end__ = .
                0x00000000200019b4                __text_application_ram_end__ = .
                0x0000000008000170                __lma_ramfuncs_start__ = LOADADDR (text_application_ram)
                0x0000000008000170                __lma_ramfuncs_end__ = (LOADADDR (text_application_ram) + SIZEOF (text_application_ram))

.rodata         0x0000000008000170        0x0
                0x0000000008000170                __rodata_end__ = .

.text           0x0000000008000170     0x77d8
                0x0000000008000170                linker_code_begin = .
 *(SORT_BY_ALIGNMENT(.text*))
 .text.deregister_tm_clones
                0x0000000008000170       0x1c /Applications/ArmGNUToolchain/12.2.rel1/arm-none-eabi/bin/../lib/gcc/arm-none-eabi/12.2.1/thumb/v8-m.main+fp/hard/crtbegin.o
 .text.register_tm_clones
                0x000000000800018c       0x28 /Applications/ArmGNUToolchain/12.2.rel1/arm-none-eabi/bin/../lib/gcc/arm-none-eabi/12.2.1/thumb/v8-m.main+fp/hard/crtbegin.o
 .text.__do_global_dtors_aux
                0x00000000080001b4       0x28 /Applications/ArmGNUToolchain/12.2.rel1/arm-none-eabi/bin/../lib/gcc/arm-none-eabi/12.2.1/thumb/v8-m.main+fp/hard/crtbegin.o
 .text.frame_dummy
                0x00000000080001dc       0x24 /Applications/ArmGNUToolchain/12.2.rel1/arm-none-eabi/bin/../lib/gcc/arm-none-eabi/12.2.1/thumb/v8-m.main+fp/hard/crtbegin.o
 .text          0x0000000008000200       0x7c /Applications/ArmGNUToolchain/12.2.rel1/arm-none-eabi/bin/../lib/gcc/arm-none-eabi/12.2.1/../../../../arm-none-eabi/lib/thumb/v8-m.main+fp/hard/crt0.o
                0x0000000008000200                _stack_init
                0x0000000008000208                _mainCRTStartup
                0x0000000008000208                _start
 .text.task1_task
                0x000000000800027c       0xc4 ./task1.o
 .text.task1_init
                0x0000000008000340       0x44 ./task1.o
                0x0000000008000340                task1_init
 .text.task2_task
                0x0000000008000384       0x54 ./task2.o
 .text.task2_init
                0x00000000080003d8       0x44 ./task2.o
                0x00000000080003d8                task2_init
 .text.sl_simple_button_init_instances
                0x000000000800041c       0x1c ./autogen/sl_simple_button_instances.o
                0x000000000800041c                sl_simple_button_init_instances
 .text.sl_simple_led_init_instances
                0x0000000008000438       0x1c ./autogen/sl_simple_led_instances.o
                0x0000000008000438                sl_simple_led_init_instances
 .text.sl_uartdrv_set_default
                0x0000000008000454       0x14 ./autogen/sl_uartdrv_init.o
                0x0000000008000454                sl_uartdrv_set_default
 .text.sl_uartdrv_init_instances
                0x0000000008000468       0x20 ./autogen/sl_uartdrv_init.o
                0x0000000008000468                sl_uartdrv_init_instances
 .text.sl_uartdrv_get_default
                0x0000000008000488        0xc ./autogen/sl_uartdrv_init.o
                0x0000000008000488                sl_uartdrv_get_default
 .text.sl_board_init
                0x0000000008000494       0x14 ./simplicity_sdk_2025.6.2/hardware/board/src/sl_board_init.o
                0x0000000008000494                sl_board_init
 .text.sl_board_preinit
                0x00000000080004a8        0xc ./simplicity_sdk_2025.6.2/hardware/board/src/sl_board_init.o
                0x00000000080004a8                sl_board_preinit
 .text.CopyToRam
                0x00000000080004b4       0x1c ./simplicity_sdk_2025.6.2/platform/Device/SiliconLabs/EFR32MG24/Source/startup_efr32mg24.o
                0x00000000080004b4                CopyToRam
 .text.Reset_Handler
                0x00000000080004d0       0x6c ./simplicity_sdk_2025.6.2/platform/Device/SiliconLabs/EFR32MG24/Source/startup_efr32mg24.o
                0x00000000080004d0                Reset_Handler
 .text.SystemInit
                0x000000000800053c       0x64 ./simplicity_sdk_2025.6.2/platform/Device/SiliconLabs/EFR32MG24/Source/system_efr32mg24.o
                0x000000000800053c                SystemInit
 .text.SystemHFRCODPLLClockSet
                0x00000000080005a0        0xc ./simplicity_sdk_2025.6.2/platform/Device/SiliconLabs/EFR32MG24/Source/system_efr32mg24.o
                0x00000000080005a0                SystemHFRCODPLLClockSet
 .text.SystemHFXOClockSet
                0x00000000080005ac       0x20 ./simplicity_sdk_2025.6.2/platform/Device/SiliconLabs/EFR32MG24/Source/system_efr32mg24.o
                0x00000000080005ac                SystemHFXOClockSet
 .text.sl_simple_button_init
                0x00000000080005cc       0x90 ./simplicity_sdk_2025.6.2/platform/driver/button/src/sl_simple_button.o
                0x00000000080005cc                sl_simple_button_init
 .text.sl_gpio_dispatch_interrupt
                0x000000000800065c       0x5c ./simplicity_sdk_2025.6.2/platform/driver/gpio/src/sl_gpio.o
 .text.sl_gpio_init
                0x00000000080006b8       0x38 ./simplicity_sdk_2025.6.2/platform/driver/gpio/src/sl_gpio.o
                0x00000000080006b8                sl_gpio_init
 .text.sl_gpio_set_pin_mode
                0x00000000080006f0       0x80 ./simplicity_sdk_2025.6.2/platform/driver/gpio/src/sl_gpio.o
                0x00000000080006f0                sl_gpio_set_pin_mode
 .text.sl_gpio_set_pin
                0x0000000008000770       0x58 ./simplicity_sdk_2025.6.2/platform/driver/gpio/src/sl_gpio.o
                0x0000000008000770                sl_gpio_set_pin
 .text.sl_gpio_clear_pin
                0x00000000080007c8       0x5c ./simplicity_sdk_2025.6.2/platform/driver/gpio/src/sl_gpio.o
                0x00000000080007c8                sl_gpio_clear_pin
 .text.sl_gpio_get_pin_output
                0x0000000008000824       0x64 ./simplicity_sdk_2025.6.2/platform/driver/gpio/src/sl_gpio.o
                0x0000000008000824                sl_gpio_get_pin_output
 .text.sl_gpio_get_pin_input
                0x0000000008000888       0x64 ./simplicity_sdk_2025.6.2/platform/driver/gpio/src/sl_gpio.o
                0x0000000008000888                sl_gpio_get_pin_input
 .text.sl_gpio_configure_external_interrupt
                0x00000000080008ec       0xe0 ./simplicity_sdk_2025.6.2/platform/driver/gpio/src/sl_gpio.o
                0x00000000080008ec                sl_gpio_configure_external_interrupt
 .text.sl_gpio_deconfigure_external_interrupt
                0x00000000080009cc       0x4c ./simplicity_sdk_2025.6.2/platform/driver/gpio/src/sl_gpio.o
                0x00000000080009cc                sl_gpio_deconfigure_external_interrupt
 .text.sl_gpio_configure_wakeup_em4_interrupt
                0x0000000008000a18       0xb8 ./simplicity_sdk_2025.6.2/platform/driver/gpio/src/sl_gpio.o
                0x0000000008000a18                sl_gpio_configure_wakeup_em4_interrupt
 .text.GPIO_EVEN_IRQHandler
                0x0000000008000ad0       0x20 ./simplicity_sdk_2025.6.2/platform/driver/gpio/src/sl_gpio.o
                0x0000000008000ad0                GPIO_EVEN_IRQHandler
 .text.GPIO_ODD_IRQHandler
                0x0000000008000af0       0x20 ./simplicity_sdk_2025.6.2/platform/driver/gpio/src/sl_gpio.o
                0x0000000008000af0                GPIO_ODD_IRQHandler
 .text.sl_simple_led_init
                0x0000000008000b10       0x34 ./simplicity_sdk_2025.6.2/platform/driver/leddrv/src/sl_simple_led.o
                0x0000000008000b10                sl_simple_led_init
 .text.StartTransfer
                0x0000000008000b44      0x17c ./simplicity_sdk_2025.6.2/platform/emdrv/dmadrv/src/dmadrv.o
 .text.DMADRV_AllocateChannel
                0x0000000008000cc0       0x60 ./simplicity_sdk_2025.6.2/platform/emdrv/dmadrv/src/dmadrv.o
                0x0000000008000cc0                DMADRV_AllocateChannel
 .text.DMADRV_Init
                0x0000000008000d20       0x68 ./simplicity_sdk_2025.6.2/platform/emdrv/dmadrv/src/dmadrv.o
                0x0000000008000d20                DMADRV_Init
 .text.DMADRV_PauseTransfer
                0x0000000008000d88       0x40 ./simplicity_sdk_2025.6.2/platform/emdrv/dmadrv/src/dmadrv.o
                0x0000000008000d88                DMADRV_PauseTransfer
 .text.DMADRV_ResumeTransfer
                0x0000000008000dc8       0x40 ./simplicity_sdk_2025.6.2/platform/emdrv/dmadrv/src/dmadrv.o
                0x0000000008000dc8                DMADRV_ResumeTransfer
 .text.LDMA_IRQHandler
                0x0000000008000e08       0x74 ./simplicity_sdk_2025.6.2/platform/emdrv/dmadrv/src/dmadrv.o
                0x0000000008000e08                LDMA_IRQHandler
 .text.GetTailBuffer
                0x0000000008000e7c       0x34 ./simplicity_sdk_2025.6.2/platform/emdrv/uartdrv/src/uartdrv.o
 .text.CheckParams
                0x0000000008000eb0       0x24 ./simplicity_sdk_2025.6.2/platform/emdrv/uartdrv/src/uartdrv.o
 .text.addHandle
                0x0000000008000ed4       0x50 ./simplicity_sdk_2025.6.2/platform/emdrv/uartdrv/src/uartdrv.o
 .text.HwFcManageClearToSend
                0x0000000008000f24       0x80 ./simplicity_sdk_2025.6.2/platform/emdrv/uartdrv/src/uartdrv.o
 .text.InitializeDma
                0x0000000008000fa4       0x2c ./simplicity_sdk_2025.6.2/platform/emdrv/uartdrv/src/uartdrv.o
 .text.EnqueueBuffer
                0x0000000008000fd0       0x84 ./simplicity_sdk_2025.6.2/platform/emdrv/uartdrv/src/uartdrv.o
 .text.StartReceiveDma
                0x0000000008001054       0x50 ./simplicity_sdk_2025.6.2/platform/emdrv/uartdrv/src/uartdrv.o
 .text.StartTransmitDma
                0x00000000080010a4       0x50 ./simplicity_sdk_2025.6.2/platform/emdrv/uartdrv/src/uartdrv.o
 .text.EnableReceiver
                0x00000000080010f4       0x3c ./simplicity_sdk_2025.6.2/platform/emdrv/uartdrv/src/uartdrv.o
 .text.DisableReceiver
                0x0000000008001130       0x38 ./simplicity_sdk_2025.6.2/platform/emdrv/uartdrv/src/uartdrv.o
 .text.EnableTransmitter
                0x0000000008001168       0x50 ./simplicity_sdk_2025.6.2/platform/emdrv/uartdrv/src/uartdrv.o
 .text.TransmitDmaComplete
                0x00000000080011b8       0x84 ./simplicity_sdk_2025.6.2/platform/emdrv/uartdrv/src/uartdrv.o
 .text.UARTDRV_ForceTransmit
                0x000000000800123c      0x110 ./simplicity_sdk_2025.6.2/platform/emdrv/uartdrv/src/uartdrv.o
                0x000000000800123c                UARTDRV_ForceTransmit
 .text.UARTDRV_PauseTransmit
                0x000000000800134c       0x30 ./simplicity_sdk_2025.6.2/platform/emdrv/uartdrv/src/uartdrv.o
                0x000000000800134c                UARTDRV_PauseTransmit
 .text.UARTDRV_ResumeTransmit
                0x000000000800137c       0x40 ./simplicity_sdk_2025.6.2/platform/emdrv/uartdrv/src/uartdrv.o
                0x000000000800137c                UARTDRV_ResumeTransmit
 .text.InitializeGpioFlowControl
                0x00000000080013bc       0x3c ./simplicity_sdk_2025.6.2/platform/emdrv/uartdrv/src/uartdrv.o
 .text.UARTDRV_InitUart
                0x00000000080013f8      0x1c0 ./simplicity_sdk_2025.6.2/platform/emdrv/uartdrv/src/uartdrv.o
                0x00000000080013f8                UARTDRV_InitUart
 .text.ReceiveDmaComplete
                0x00000000080015b8      0x114 ./simplicity_sdk_2025.6.2/platform/emdrv/uartdrv/src/uartdrv.o
 .text.UARTDRV_ReceiveB
                0x00000000080016cc       0x64 ./simplicity_sdk_2025.6.2/platform/emdrv/uartdrv/src/uartdrv.o
                0x00000000080016cc                UARTDRV_ReceiveB
 .text.UARTDRV_TransmitB
                0x0000000008001730       0x84 ./simplicity_sdk_2025.6.2/platform/emdrv/uartdrv/src/uartdrv.o
                0x0000000008001730                UARTDRV_TransmitB
 .text.EMU_VScaleGet
                0x00000000080017b4       0x18 ./simplicity_sdk_2025.6.2/platform/emlib/src/em_cmu.o
 .text.dpllRefClkGet
                0x00000000080017cc       0x48 ./simplicity_sdk_2025.6.2/platform/emlib/src/em_cmu.o
 .text.em23GrpaClkGet
                0x0000000008001814       0x48 ./simplicity_sdk_2025.6.2/platform/emlib/src/em_cmu.o
 .text.em4GrpaClkGet
                0x000000000800185c       0x48 ./simplicity_sdk_2025.6.2/platform/emlib/src/em_cmu.o
 .text.sysrtcClkGet
                0x00000000080018a4       0x48 ./simplicity_sdk_2025.6.2/platform/emlib/src/em_cmu.o
 .text.traceClkGet
                0x00000000080018ec       0x54 ./simplicity_sdk_2025.6.2/platform/emlib/src/em_cmu.o
 .text.em01GrpaClkGet
                0x0000000008001940       0x74 ./simplicity_sdk_2025.6.2/platform/emlib/src/em_cmu.o
 .text.em01GrpcClkGet
                0x00000000080019b4       0x70 ./simplicity_sdk_2025.6.2/platform/emlib/src/em_cmu.o
 .text.eusart0ClkGet
                0x0000000008001a24       0x74 ./simplicity_sdk_2025.6.2/platform/emlib/src/em_cmu.o
 .text.iadcClkGet
                0x0000000008001a98       0x60 ./simplicity_sdk_2025.6.2/platform/emlib/src/em_cmu.o
 .text.wdog0ClkGet
                0x0000000008001af8       0x64 ./simplicity_sdk_2025.6.2/platform/emlib/src/em_cmu.o
 .text.wdog1ClkGet
                0x0000000008001b5c       0x64 ./simplicity_sdk_2025.6.2/platform/emlib/src/em_cmu.o
 .text.vdac0ClkGet
                0x0000000008001bc0       0x70 ./simplicity_sdk_2025.6.2/platform/emlib/src/em_cmu.o
 .text.vdac1ClkGet
                0x0000000008001c30       0x70 ./simplicity_sdk_2025.6.2/platform/emlib/src/em_cmu.o
 .text.pcnt0ClkGet
                0x0000000008001ca0       0x4c ./simplicity_sdk_2025.6.2/platform/emlib/src/em_cmu.o
 .text.HFRCODPLLDevinfoGet
                0x0000000008001cec      0x108 ./simplicity_sdk_2025.6.2/platform/emlib/src/em_cmu.o
 .text.CMU_ClockDivGet
                0x0000000008001df4       0x78 ./simplicity_sdk_2025.6.2/platform/emlib/src/em_cmu.o
                0x0000000008001df4                CMU_ClockDivGet
 .text.flashWaitStateControl
                0x0000000008001e6c       0x58 ./simplicity_sdk_2025.6.2/platform/emlib/src/em_cmu.o
 .text.CMU_ClockEnable
                0x0000000008001ec4       0x50 ./simplicity_sdk_2025.6.2/platform/emlib/src/em_cmu.o
                0x0000000008001ec4                CMU_ClockEnable
 .text.CMU_ClockFreqGet
                0x0000000008001f14      0x210 ./simplicity_sdk_2025.6.2/platform/emlib/src/em_cmu.o
                0x0000000008001f14                CMU_ClockFreqGet
 .text.rhclkPrescOptimize
                0x0000000008002124       0x20 ./simplicity_sdk_2025.6.2/platform/emlib/src/em_cmu.o
 .text.CMU_ClockSelectGet
                0x0000000008002144      0x208 ./simplicity_sdk_2025.6.2/platform/emlib/src/em_cmu.o
                0x0000000008002144                CMU_ClockSelectGet
 .text.sli_em_cmu_SYSTICEXTCLKENClear
                0x000000000800234c       0x30 ./simplicity_sdk_2025.6.2/platform/emlib/src/em_cmu.o
                0x000000000800234c                sli_em_cmu_SYSTICEXTCLKENClear
 .text.CMU_HFXOInit
                0x000000000800237c      0x224 ./simplicity_sdk_2025.6.2/platform/emlib/src/em_cmu.o
                0x000000000800237c                CMU_HFXOInit
 .text.CMU_HFXOCTuneDeltaGet
                0x00000000080025a0        0xc ./simplicity_sdk_2025.6.2/platform/emlib/src/em_cmu.o
                0x00000000080025a0                CMU_HFXOCTuneDeltaGet
 .text.CMU_LFXOInit
                0x00000000080025ac       0xc4 ./simplicity_sdk_2025.6.2/platform/emlib/src/em_cmu.o
                0x00000000080025ac                CMU_LFXOInit
 .text.CMU_LFXOPrecisionSet
                0x0000000008002670        0xc ./simplicity_sdk_2025.6.2/platform/emlib/src/em_cmu.o
                0x0000000008002670                CMU_LFXOPrecisionSet
 .text.CMU_HFXOPrecisionSet
                0x000000000800267c        0xc ./simplicity_sdk_2025.6.2/platform/emlib/src/em_cmu.o
                0x000000000800267c                CMU_HFXOPrecisionSet
 .text.CMU_LFRCOSetPrecision
                0x0000000008002688       0x80 ./simplicity_sdk_2025.6.2/platform/emlib/src/em_cmu.o
                0x0000000008002688                CMU_LFRCOSetPrecision
 .text.CMU_ClockDivSet
                0x0000000008002708      0x12c ./simplicity_sdk_2025.6.2/platform/emlib/src/em_cmu.o
                0x0000000008002708                CMU_ClockDivSet
 .text.sli_em_cmu_SYSCLKInitPreClockSelect
                0x0000000008002834       0x30 ./simplicity_sdk_2025.6.2/platform/emlib/src/em_cmu.o
                0x0000000008002834                sli_em_cmu_SYSCLKInitPreClockSelect
 .text.pclkDivOptimize
                0x0000000008002864       0x24 ./simplicity_sdk_2025.6.2/platform/emlib/src/em_cmu.o
 .text.sli_em_cmu_SYSCLKInitPostClockSelect
                0x0000000008002888       0x40 ./simplicity_sdk_2025.6.2/platform/emlib/src/em_cmu.o
                0x0000000008002888                sli_em_cmu_SYSCLKInitPostClockSelect
 .text.CMU_HFRCODPLLBandSet
                0x00000000080028c8      0x11c ./simplicity_sdk_2025.6.2/platform/emlib/src/em_cmu.o
                0x00000000080028c8                CMU_HFRCODPLLBandSet
 .text.CMU_HFRCOEM23BandSet
                0x00000000080029e4      0x168 ./simplicity_sdk_2025.6.2/platform/emlib/src/em_cmu.o
                0x00000000080029e4                CMU_HFRCOEM23BandSet
 .text.EMU_DCDCSync
                0x0000000008002b4c       0x10 ./simplicity_sdk_2025.6.2/platform/emlib/src/em_emu.o
 .text.EMU_EM4Init
                0x0000000008002b5c       0x14 ./simplicity_sdk_2025.6.2/platform/emlib/src/em_emu.o
                0x0000000008002b5c                EMU_EM4Init
 .text.EMU_VScaleEM01
                0x0000000008002b70       0xa8 ./simplicity_sdk_2025.6.2/platform/emlib/src/em_emu.o
                0x0000000008002b70                EMU_VScaleEM01
 .text.EMU_VScaleEM01ByClock
                0x0000000008002c18       0x30 ./simplicity_sdk_2025.6.2/platform/emlib/src/em_emu.o
                0x0000000008002c18                EMU_VScaleEM01ByClock
 .text.EMU_DCDCModeSet
                0x0000000008002c48       0xac ./simplicity_sdk_2025.6.2/platform/emlib/src/em_emu.o
                0x0000000008002c48                EMU_DCDCModeSet
 .text.EMU_DCDCInit
                0x0000000008002cf4       0x70 ./simplicity_sdk_2025.6.2/platform/emlib/src/em_emu.o
                0x0000000008002cf4                EMU_DCDCInit
 .text.EMU_DCDCSetPFMXModePeakCurrent
                0x0000000008002d64       0x6c ./simplicity_sdk_2025.6.2/platform/emlib/src/em_emu.o
                0x0000000008002d64                EMU_DCDCSetPFMXModePeakCurrent
 .text.EUSART_Enable
                0x0000000008002dd0       0x6c ./simplicity_sdk_2025.6.2/platform/emlib/src/em_eusart.o
                0x0000000008002dd0                EUSART_Enable
 .text.LDMA_EnableChannelRequest
                0x0000000008002e3c       0x40 ./simplicity_sdk_2025.6.2/platform/emlib/src/em_ldma.o
                0x0000000008002e3c                LDMA_EnableChannelRequest
 .text.LDMA_Init
                0x0000000008002e7c       0x90 ./simplicity_sdk_2025.6.2/platform/emlib/src/em_ldma.o
                0x0000000008002e7c                LDMA_Init
 .text.LDMA_StartTransfer
                0x0000000008002f0c       0xf8 ./simplicity_sdk_2025.6.2/platform/emlib/src/em_ldma.o
                0x0000000008002f0c                LDMA_StartTransfer
 .text.USART_BaudrateAsyncSet
                0x0000000008003004       0xe0 ./simplicity_sdk_2025.6.2/platform/emlib/src/em_usart.o
                0x0000000008003004                USART_BaudrateAsyncSet
 .text.USART_Enable
                0x00000000080030e4       0x3c ./simplicity_sdk_2025.6.2/platform/emlib/src/em_usart.o
                0x00000000080030e4                USART_Enable
 .text.USART_Reset
                0x0000000008003120       0x58 ./simplicity_sdk_2025.6.2/platform/emlib/src/em_usart.o
                0x0000000008003120                USART_Reset
 .text.USART_InitAsync
                0x0000000008003178       0xd0 ./simplicity_sdk_2025.6.2/platform/emlib/src/em_usart.o
                0x0000000008003178                USART_InitAsync
 .text.sl_hal_gpio_clear_pin
                0x0000000008003248       0x54 ./simplicity_sdk_2025.6.2/platform/peripheral/src/sl_hal_gpio.o
                0x0000000008003248                sl_hal_gpio_clear_pin
 .text.sl_hal_gpio_get_pin_input
                0x000000000800329c       0x58 ./simplicity_sdk_2025.6.2/platform/peripheral/src/sl_hal_gpio.o
                0x000000000800329c                sl_hal_gpio_get_pin_input
 .text.sl_hal_gpio_get_pin_output
                0x00000000080032f4       0x58 ./simplicity_sdk_2025.6.2/platform/peripheral/src/sl_hal_gpio.o
                0x00000000080032f4                sl_hal_gpio_get_pin_output
 .text.sl_hal_gpio_get_enabled_pending_interrupts
                0x000000000800334c       0x14 ./simplicity_sdk_2025.6.2/platform/peripheral/src/sl_hal_gpio.o
                0x000000000800334c                sl_hal_gpio_get_enabled_pending_interrupts
 .text.sl_hal_gpio_get_em4_interrupt_number
                0x0000000008003360       0x80 ./simplicity_sdk_2025.6.2/platform/peripheral/src/sl_hal_gpio.o
                0x0000000008003360                sl_hal_gpio_get_em4_interrupt_number
 .text.sl_hal_gpio_set_pin_em4_retention
                0x00000000080033e0       0x20 ./simplicity_sdk_2025.6.2/platform/peripheral/src/sl_hal_gpio.o
                0x00000000080033e0                sl_hal_gpio_set_pin_em4_retention
 .text.sl_hal_gpio_set_pin_mode
                0x0000000008003400       0xd0 ./simplicity_sdk_2025.6.2/platform/peripheral/src/sl_hal_gpio.o
                0x0000000008003400                sl_hal_gpio_set_pin_mode
 .text.sl_hal_gpio_configure_external_interrupt
                0x00000000080034d0      0x178 ./simplicity_sdk_2025.6.2/platform/peripheral/src/sl_hal_gpio.o
                0x00000000080034d0                sl_hal_gpio_configure_external_interrupt
 .text.sl_hal_gpio_enable_pin_em4_wakeup
                0x0000000008003648       0x68 ./simplicity_sdk_2025.6.2/platform/peripheral/src/sl_hal_gpio.o
                0x0000000008003648                sl_hal_gpio_enable_pin_em4_wakeup
 .text.sl_hal_gpio_configure_wakeup_em4_external_interrupt
                0x00000000080036b0       0x8c ./simplicity_sdk_2025.6.2/platform/peripheral/src/sl_hal_gpio.o
                0x00000000080036b0                sl_hal_gpio_configure_wakeup_em4_external_interrupt
 .text.sl_hal_sysrtc_wait_ready
                0x000000000800373c       0x1c ./simplicity_sdk_2025.6.2/platform/peripheral/src/sl_hal_sysrtc.o
                0x000000000800373c                sl_hal_sysrtc_wait_ready
 .text.sl_hal_sysrtc_stop
                0x0000000008003758       0x28 ./simplicity_sdk_2025.6.2/platform/peripheral/src/sl_hal_sysrtc.o
                0x0000000008003758                sl_hal_sysrtc_stop
 .text.sl_hal_sysrtc_enable
                0x0000000008003780       0x18 ./simplicity_sdk_2025.6.2/platform/peripheral/src/sl_hal_sysrtc.o
                0x0000000008003780                sl_hal_sysrtc_enable
 .text.sl_hal_sysrtc_disable
                0x0000000008003798       0x1c ./simplicity_sdk_2025.6.2/platform/peripheral/src/sl_hal_sysrtc.o
                0x0000000008003798                sl_hal_sysrtc_disable
 .text.sl_hal_sysrtc_init
                0x00000000080037b4       0x24 ./simplicity_sdk_2025.6.2/platform/peripheral/src/sl_hal_sysrtc.o
                0x00000000080037b4                sl_hal_sysrtc_init
 .text.sl_hal_sysrtc_init_group
                0x00000000080037d8       0x44 ./simplicity_sdk_2025.6.2/platform/peripheral/src/sl_hal_sysrtc.o
                0x00000000080037d8                sl_hal_sysrtc_init_group
 .text.sli_clock_manager_hal_init
                0x000000000800381c      0x268 ./simplicity_sdk_2025.6.2/platform/service/clock_manager/src/sl_clock_manager_init_hal_s2.o
                0x000000000800381c                sli_clock_manager_hal_init
 .text.sl_device_init_dcdc
                0x0000000008003a84       0x2c ./simplicity_sdk_2025.6.2/platform/service/device_init/src/sl_device_init_dcdc_s2.o
                0x0000000008003a84                sl_device_init_dcdc
 .text.sl_device_init_emu
                0x0000000008003ab0       0x24 ./simplicity_sdk_2025.6.2/platform/service/device_init/src/sl_device_init_emu_s2.o
                0x0000000008003ab0                sl_device_init_emu
 .text.__NVIC_GetPriority
                0x0000000008003ad4       0x24 ./simplicity_sdk_2025.6.2/platform/service/interrupt_manager/src/sl_interrupt_manager_cortexm.o
 .text.sl_interrupt_manager_enable_irq
                0x0000000008003af8       0x34 ./simplicity_sdk_2025.6.2/platform/service/interrupt_manager/src/sl_interrupt_manager_cortexm.o
                0x0000000008003af8                sl_interrupt_manager_enable_irq
 .text.sl_interrupt_manager_is_irq_disabled
                0x0000000008003b2c       0x30 ./simplicity_sdk_2025.6.2/platform/service/interrupt_manager/src/sl_interrupt_manager_cortexm.o
                0x0000000008003b2c                sl_interrupt_manager_is_irq_disabled
 .text.sl_interrupt_manager_is_irq_blocked
                0x0000000008003b5c       0x6c ./simplicity_sdk_2025.6.2/platform/service/interrupt_manager/src/sl_interrupt_manager_cortexm.o
                0x0000000008003b5c                sl_interrupt_manager_is_irq_blocked
 .text.sl_interrupt_manager_clear_irq_pending
                0x0000000008003bc8       0x1c ./simplicity_sdk_2025.6.2/platform/service/interrupt_manager/src/sl_interrupt_manager_cortexm.o
                0x0000000008003bc8                sl_interrupt_manager_clear_irq_pending
 .text.sl_interrupt_manager_set_irq_priority
                0x0000000008003be4       0x54 ./simplicity_sdk_2025.6.2/platform/service/interrupt_manager/src/sl_interrupt_manager_cortexm.o
                0x0000000008003be4                sl_interrupt_manager_set_irq_priority
 .text.sl_interrupt_manager_init
                0x0000000008003c38       0x34 ./simplicity_sdk_2025.6.2/platform/service/interrupt_manager/src/sl_interrupt_manager_cortexm.o
                0x0000000008003c38                sl_interrupt_manager_init
 .text.sl_memory_init
                0x0000000008003c6c       0x20 ./simplicity_sdk_2025.6.2/platform/service/memory_manager/src/sl_memory_manager.o
                0x0000000008003c6c                sl_memory_init
 .text.sl_memory_heap_alloc_advanced
                0x0000000008003c8c      0x204 ./simplicity_sdk_2025.6.2/platform/service/memory_manager/src/sl_memory_manager.o
                0x0000000008003c8c                sl_memory_heap_alloc_advanced
 .text.sl_memory_alloc_advanced
                0x0000000008003e90       0x1c ./simplicity_sdk_2025.6.2/platform/service/memory_manager/src/sl_memory_manager.o
                0x0000000008003e90                sl_memory_alloc_advanced
 .text.sl_memory_heap_free
                0x0000000008003eac      0x1dc ./simplicity_sdk_2025.6.2/platform/service/memory_manager/src/sl_memory_manager.o
                0x0000000008003eac                sl_memory_heap_free
 .text.sl_memory_get_heap_region
                0x0000000008004088       0x14 ./simplicity_sdk_2025.6.2/platform/service/memory_manager/src/sl_memory_manager_region.o
                0x0000000008004088                sl_memory_get_heap_region
 .text.sli_memory_find_head_free_block
                0x000000000800409c       0x58 ./simplicity_sdk_2025.6.2/platform/service/memory_manager/src/sli_memory_manager_common.o
                0x000000000800409c                sli_memory_find_head_free_block
 .text.sli_memory_create_heap
                0x00000000080040f4       0x58 ./simplicity_sdk_2025.6.2/platform/service/memory_manager/src/sli_memory_manager_common.o
                0x00000000080040f4                sli_memory_create_heap
 .text.sli_memory_get_heap_handle
                0x000000000800414c        0x8 ./simplicity_sdk_2025.6.2/platform/service/memory_manager/src/sli_memory_manager_common.o
                0x000000000800414c                sli_memory_get_heap_handle
 .text.start_task_handler
                0x0000000008004154       0x18 ./simplicity_sdk_2025.6.2/platform/service/sl_main/src/sl_main_kernel.o
 .text.sli_main_kernel_start_task_initialize
                0x000000000800416c       0x34 ./simplicity_sdk_2025.6.2/platform/service/sl_main/src/sl_main_kernel.o
                0x000000000800416c                sli_main_kernel_start_task_initialize
 .text.sl_sleeptimer_init
                0x00000000080041a0       0x74 ./simplicity_sdk_2025.6.2/platform/service/sleeptimer/src/sl_sleeptimer.o
                0x00000000080041a0                sl_sleeptimer_init
 .text.sleeptimer_hal_init_timer
                0x0000000008004214       0x6c ./simplicity_sdk_2025.6.2/platform/service/sleeptimer/src/sl_sleeptimer_hal_sysrtc.o
                0x0000000008004214                sleeptimer_hal_init_timer
 .text.vApplicationStackOverflowHook
                0x0000000008004280       0x10 ./simplicity_sdk_2025.6.2/util/third_party/freertos/cmsis/Source/cmsis_os2.o
                0x0000000008004280                vApplicationStackOverflowHook
 .text.prvTaskExitError
                0x0000000008004290       0x30 ./simplicity_sdk_2025.6.2/util/third_party/freertos/kernel/portable/GCC/ARM_CM33_NTZ/non_secure/port.o
 .text          0x00000000080042c0       0x30 /Applications/ArmGNUToolchain/12.2.rel1/arm-none-eabi/bin/../lib/gcc/arm-none-eabi/12.2.1/thumb/v8-m.main+fp/hard/libgcc.a(_aeabi_uldivmod.o)
                0x00000000080042c0                __aeabi_uldivmod
 .text.__udivmoddi4
                0x00000000080042f0      0x2ec /Applications/ArmGNUToolchain/12.2.rel1/arm-none-eabi/bin/../lib/gcc/arm-none-eabi/12.2.1/thumb/v8-m.main+fp/hard/libgcc.a(_udivmoddi4.o)
                0x00000000080042f0                __udivmoddi4
 .text          0x00000000080045dc        0x4 /Applications/ArmGNUToolchain/12.2.rel1/arm-none-eabi/bin/../lib/gcc/arm-none-eabi/12.2.1/thumb/v8-m.main+fp/hard/libgcc.a(_dvmd_tls.o)
                0x00000000080045dc                __aeabi_ldiv0
                0x00000000080045dc                __aeabi_idiv0
 .text.exit     0x00000000080045e0       0x24 /Applications/ArmGNUToolchain/12.2.rel1/arm-none-eabi/bin/../lib/gcc/arm-none-eabi/12.2.1/../../../../arm-none-eabi/lib/thumb/v8-m.main+fp/hard/libc_nano.a(libc_a-exit.o)
                0x00000000080045e0                exit
 .text.__libc_init_array
                0x0000000008004604       0x48 /Applications/ArmGNUToolchain/12.2.rel1/arm-none-eabi/bin/../lib/gcc/arm-none-eabi/12.2.1/../../../../arm-none-eabi/lib/thumb/v8-m.main+fp/hard/libc_nano.a(libc_a-init.o)
                0x0000000008004604                __libc_init_array
 .text.app_init
                0x000000000800464c        0xe ./app.o
                0x000000000800464c                app_init
 .text.startup.main
                0x000000000800465a       0x18 ./main.o
                0x000000000800465a                main
 .text.sl_board_default_init
                0x0000000008004672        0x2 ./autogen/sl_board_default_init.o
                0x0000000008004672                sl_board_default_init
 .text.sli_driver_permanent_allocation
                0x0000000008004674        0x2 ./autogen/sl_event_handler.o
                0x0000000008004674                sli_driver_permanent_allocation
 .text.sli_service_permanent_allocation
                0x0000000008004676        0x2 ./autogen/sl_event_handler.o
                0x0000000008004676                sli_service_permanent_allocation
 .text.sli_stack_permanent_allocation
                0x0000000008004678        0x2 ./autogen/sl_event_handler.o
                0x0000000008004678                sli_stack_permanent_allocation
 .text.sli_internal_permanent_allocation
                0x000000000800467a        0x2 ./autogen/sl_event_handler.o
                0x000000000800467a                sli_internal_permanent_allocation
 .text.sl_platform_init
                0x000000000800467c       0x12 ./autogen/sl_event_handler.o
                0x000000000800467c                sl_platform_init
 .text.sli_internal_init_early
                0x000000000800468e        0x2 ./autogen/sl_event_handler.o
                0x000000000800468e                sli_internal_init_early
 .text.sl_kernel_start
                0x0000000008004690        0x4 ./autogen/sl_event_handler.o
                0x0000000008004690                sl_kernel_start
 .text.sl_driver_init
                0x0000000008004694       0x16 ./autogen/sl_event_handler.o
                0x0000000008004694                sl_driver_init
 .text.sl_service_init
                0x00000000080046aa        0x4 ./autogen/sl_event_handler.o
                0x00000000080046aa                sl_service_init
 .text.sl_stack_init
                0x00000000080046ae        0x2 ./autogen/sl_event_handler.o
                0x00000000080046ae                sl_stack_init
 .text.sl_internal_app_init
                0x00000000080046b0        0x2 ./autogen/sl_event_handler.o
                0x00000000080046b0                sl_internal_app_init
 .text.sl_board_configure_vcom
                0x00000000080046b2        0x4 ./simplicity_sdk_2025.6.2/hardware/board/src/sl_board_control_gpio.o
                0x00000000080046b2                sl_board_configure_vcom
 .text.Default_Handler
                0x00000000080046b6        0x2 ./simplicity_sdk_2025.6.2/platform/Device/SiliconLabs/EFR32MG24/Source/startup_efr32mg24.o
                0x00000000080046b6                MPAHBRAM_IRQHandler
                0x00000000080046b6                AHB2AHB1_IRQHandler
                0x00000000080046b6                SW2_IRQHandler
                0x00000000080046b6                TIMER2_IRQHandler
                0x00000000080046b6                DebugMon_Handler
                0x00000000080046b6                USART0_TX_IRQHandler
                0x00000000080046b6                IADC_IRQHandler
                0x00000000080046b6                EUSART0_TX_IRQHandler
                0x00000000080046b6                I2C0_IRQHandler
                0x00000000080046b6                LFXO_IRQHandler
                0x00000000080046b6                HardFault_Handler
                0x00000000080046b6                SMU_SECURE_IRQHandler
                0x00000000080046b6                SYSRTC_SEQ_IRQHandler
                0x00000000080046b6                EMUEFP_IRQHandler
                0x00000000080046b6                NMI_Handler
                0x00000000080046b6                SYNTH_IRQHandler
                0x00000000080046b6                HOSTMAILBOX_IRQHandler
                0x00000000080046b6                HFXO0_IRQHandler
                0x00000000080046b6                I2C1_IRQHandler
                0x00000000080046b6                WDOG0_IRQHandler
                0x00000000080046b6                TIMER3_IRQHandler
                0x00000000080046b6                SYSCFG_IRQHandler
                0x00000000080046b6                RFECA1_IRQHandler
                0x00000000080046b6                EMUDG_IRQHandler
                0x00000000080046b6                MSC_IRQHandler
                0x00000000080046b6                DPLL0_IRQHandler
                0x00000000080046b6                UsageFault_Handler
                0x00000000080046b6                WDOG1_IRQHandler
                0x00000000080046b6                M33CTI1_IRQHandler
                0x00000000080046b6                TIMER4_IRQHandler
                0x00000000080046b6                VDAC0_IRQHandler
                0x00000000080046b6                SEMBTX_IRQHandler
                0x00000000080046b6                SW0_IRQHandler
                0x00000000080046b6                TIMER0_IRQHandler
                0x00000000080046b6                MVP_IRQHandler
                0x00000000080046b6                LETIMER0_IRQHandler
                0x00000000080046b6                EUSART1_RX_IRQHandler
                0x00000000080046b6                TIMER1_IRQHandler
                0x00000000080046b6                HFRCO0_IRQHandler
                0x00000000080046b6                SecureFault_Handler
                0x00000000080046b6                BUFC_IRQHandler
                0x00000000080046b6                DCDC_IRQHandler
                0x00000000080046b6                MODEM_IRQHandler
                0x00000000080046b6                Default_Handler
                0x00000000080046b6                RAC_SEQ_IRQHandler
                0x00000000080046b6                FRC_PRI_IRQHandler
                0x00000000080046b6                EMU_IRQHandler
                0x00000000080046b6                SW3_IRQHandler
                0x00000000080046b6                KERNEL0_IRQHandler
                0x00000000080046b6                FRC_IRQHandler
                0x00000000080046b6                PCNT0_IRQHandler
                0x00000000080046b6                KERNEL1_IRQHandler
                0x00000000080046b6                AGC_IRQHandler
                0x00000000080046b6                EUSART1_TX_IRQHandler
                0x00000000080046b6                KEYSCAN_IRQHandler
                0x00000000080046b6                sl_app_properties
                0x00000000080046b6                HFRCOEM23_IRQHandler
                0x00000000080046b6                BURTC_IRQHandler
                0x00000000080046b6                SEMBRX_IRQHandler
                0x00000000080046b6                RFECA0_IRQHandler
                0x00000000080046b6                LFRCO_IRQHandler
                0x00000000080046b6                VDAC1_IRQHandler
                0x00000000080046b6                ACMP0_IRQHandler
                0x00000000080046b6                USART0_RX_IRQHandler
                0x00000000080046b6                MemManage_Handler
                0x00000000080046b6                AHB2AHB0_IRQHandler
                0x00000000080046b6                SMU_S_PRIVILEGED_IRQHandler
                0x00000000080046b6                SW1_IRQHandler
                0x00000000080046b6                CMU_IRQHandler
                0x00000000080046b6                EUSART0_RX_IRQHandler
                0x00000000080046b6                RAC_RSM_IRQHandler
                0x00000000080046b6                SETAMPERHOST_IRQHandler
                0x00000000080046b6                AES_IRQHandler
                0x00000000080046b6                M33CTI0_IRQHandler
                0x00000000080046b6                ICACHE0_IRQHandler
                0x00000000080046b6                SMU_NS_PRIVILEGED_IRQHandler
                0x00000000080046b6                FPUEXH_IRQHandler
                0x00000000080046b6                PROTIMER_IRQHandler
                0x00000000080046b6                ACMP1_IRQHandler
                0x00000000080046b6                BusFault_Handler
                0x00000000080046b6                ULFRCO_IRQHandler
 .text.CopyMemory
                0x00000000080046b8       0x1a ./simplicity_sdk_2025.6.2/platform/Device/SiliconLabs/EFR32MG24/Source/startup_efr32mg24.o
                0x00000000080046b8                CopyMemory
 .text.assertEFM
                0x00000000080046d2        0x2 ./simplicity_sdk_2025.6.2/platform/common/src/sl_assert.o
                0x00000000080046d2                assertEFM
 .text._exit    0x00000000080046d4        0x2 ./simplicity_sdk_2025.6.2/platform/common/src/sl_syscalls.o
                0x00000000080046d4                _exit
 .text.sl_button_init
                0x00000000080046d6        0xa ./simplicity_sdk_2025.6.2/platform/driver/button/src/sl_button.o
                0x00000000080046d6                sl_button_init
 .text.sl_button_get_state
                0x00000000080046e0        0xa ./simplicity_sdk_2025.6.2/platform/driver/button/src/sl_button.o
                0x00000000080046e0                sl_button_get_state
 .text.sl_button_on_change
                0x00000000080046ea        0x2 ./simplicity_sdk_2025.6.2/platform/driver/button/src/sl_button.o
                0x00000000080046ea                sl_button_on_change
 .text.sli_simple_button_on_change
                0x00000000080046ec       0x30 ./simplicity_sdk_2025.6.2/platform/driver/button/src/sl_simple_button.o
 .text.sl_simple_button_get_state
                0x000000000800471c        0x6 ./simplicity_sdk_2025.6.2/platform/driver/button/src/sl_simple_button.o
                0x000000000800471c                sl_simple_button_get_state
 .text.sl_simple_button_poll_step
                0x0000000008004722       0x58 ./simplicity_sdk_2025.6.2/platform/driver/button/src/sl_simple_button.o
                0x0000000008004722                sl_simple_button_poll_step
 .text.sl_simple_button_enable
                0x000000000800477a       0x12 ./simplicity_sdk_2025.6.2/platform/driver/button/src/sl_simple_button.o
                0x000000000800477a                sl_simple_button_enable
 .text.sl_simple_button_disable
                0x000000000800478c       0x1c ./simplicity_sdk_2025.6.2/platform/driver/button/src/sl_simple_button.o
                0x000000000800478c                sl_simple_button_disable
 .text.sl_led_init
                0x00000000080047a8        0x6 ./simplicity_sdk_2025.6.2/platform/driver/leddrv/src/sl_led.o
                0x00000000080047a8                sl_led_init
 .text.sl_led_turn_on
                0x00000000080047ae        0x6 ./simplicity_sdk_2025.6.2/platform/driver/leddrv/src/sl_led.o
                0x00000000080047ae                sl_led_turn_on
 .text.sl_led_turn_off
                0x00000000080047b4        0x6 ./simplicity_sdk_2025.6.2/platform/driver/leddrv/src/sl_led.o
                0x00000000080047b4                sl_led_turn_off
 .text.sl_led_toggle
                0x00000000080047ba        0x6 ./simplicity_sdk_2025.6.2/platform/driver/leddrv/src/sl_led.o
                0x00000000080047ba                sl_led_toggle
 .text.sl_led_get_state
                0x00000000080047c0        0x6 ./simplicity_sdk_2025.6.2/platform/driver/leddrv/src/sl_led.o
                0x00000000080047c0                sl_led_get_state
 .text.sl_simple_led_turn_on
                0x00000000080047c6       0x24 ./simplicity_sdk_2025.6.2/platform/driver/leddrv/src/sl_simple_led.o
                0x00000000080047c6                sl_simple_led_turn_on
 .text.sl_simple_led_turn_off
                0x00000000080047ea       0x24 ./simplicity_sdk_2025.6.2/platform/driver/leddrv/src/sl_simple_led.o
                0x00000000080047ea                sl_simple_led_turn_off
 .text.sl_simple_led_toggle
                0x000000000800480e       0x1a ./simplicity_sdk_2025.6.2/platform/driver/leddrv/src/sl_simple_led.o
                0x000000000800480e                sl_simple_led_toggle
 .text.sl_simple_led_get_state
                0x0000000008004828       0x2a ./simplicity_sdk_2025.6.2/platform/driver/leddrv/src/sl_simple_led.o
                0x0000000008004828                sl_simple_led_get_state
 .text.DMADRV_MemoryPeripheral
                0x0000000008004852       0x34 ./simplicity_sdk_2025.6.2/platform/emdrv/dmadrv/src/dmadrv.o
                0x0000000008004852                DMADRV_MemoryPeripheral
 .text.DMADRV_PeripheralMemory
                0x0000000008004886       0x34 ./simplicity_sdk_2025.6.2/platform/emdrv/dmadrv/src/dmadrv.o
                0x0000000008004886                DMADRV_PeripheralMemory
 .text.ConfigGpio
                0x00000000080048ba       0xce ./simplicity_sdk_2025.6.2/platform/emdrv/uartdrv/src/uartdrv.o
 .text.HwFcGetClearToSendPin
                0x0000000008004988       0x32 ./simplicity_sdk_2025.6.2/platform/emdrv/uartdrv/src/uartdrv.o
 .text.DequeueBuffer.isra.0
                0x00000000080049ba       0x46 ./simplicity_sdk_2025.6.2/platform/emdrv/uartdrv/src/uartdrv.o
 .text.FcApplyState
                0x0000000008004a00       0x78 ./simplicity_sdk_2025.6.2/platform/emdrv/uartdrv/src/uartdrv.o
 .text.BUS_RegMaskedWrite
                0x0000000008004a78       0x1e ./simplicity_sdk_2025.6.2/platform/emlib/src/em_cmu.o
 .text.waitStateMax
                0x0000000008004a96       0x10 ./simplicity_sdk_2025.6.2/platform/emlib/src/em_cmu.o
 .text.CMU_UpdateWaitStates
                0x0000000008004aa6        0xc ./simplicity_sdk_2025.6.2/platform/emlib/src/em_cmu.o
                0x0000000008004aa6                CMU_UpdateWaitStates
 .text.pclkDivMax
                0x0000000008004ab2        0xa ./simplicity_sdk_2025.6.2/platform/emlib/src/em_cmu.o
 .text.EMU_EFPEM01VScale
                0x0000000008004abc        0x2 ./simplicity_sdk_2025.6.2/platform/emlib/src/em_emu.o
                0x0000000008004abc                EMU_EFPEM01VScale
 .text.EMU_DCDCUpdatedHook
                0x0000000008004abe        0x2 ./simplicity_sdk_2025.6.2/platform/emlib/src/em_emu.o
                0x0000000008004abe                EMU_DCDCUpdatedHook
 .text.eusart_sync
                0x0000000008004ac0        0x8 ./simplicity_sdk_2025.6.2/platform/emlib/src/em_eusart.o
 .text.EUSART_Disable
                0x0000000008004ac8       0x34 ./simplicity_sdk_2025.6.2/platform/emlib/src/em_eusart.o
 .text.EUSART_Tx
                0x0000000008004afc        0xa ./simplicity_sdk_2025.6.2/platform/emlib/src/em_eusart.o
                0x0000000008004afc                EUSART_Tx
 .text.USART_Tx
                0x0000000008004b06        0xa ./simplicity_sdk_2025.6.2/platform/emlib/src/em_usart.o
                0x0000000008004b06                USART_Tx
 .text.sl_hal_bus_reg_write_mask
                0x0000000008004b10       0x1e ./simplicity_sdk_2025.6.2/platform/peripheral/src/sl_hal_gpio.o
 .text.sl_hal_gpio_get_external_interrupt_number
                0x0000000008004b2e       0x34 ./simplicity_sdk_2025.6.2/platform/peripheral/src/sl_hal_gpio.o
                0x0000000008004b2e                sl_hal_gpio_get_external_interrupt_number
 .text.sl_clock_manager_runtime_init
                0x0000000008004b62        0x4 ./simplicity_sdk_2025.6.2/platform/service/clock_manager/src/sl_clock_manager.o
                0x0000000008004b62                sl_clock_manager_runtime_init
 .text.sli_clock_manager_hal_runtime_init
                0x0000000008004b66        0x4 ./simplicity_sdk_2025.6.2/platform/service/clock_manager/src/sl_clock_manager_hal_s2.o
                0x0000000008004b66                sli_clock_manager_hal_runtime_init
 .text.sl_clock_manager_init
                0x0000000008004b6a        0x4 ./simplicity_sdk_2025.6.2/platform/service/clock_manager/src/sl_clock_manager_init.o
                0x0000000008004b6a                sl_clock_manager_init
 .text.memory_manage_data_alignment
                0x0000000008004b6e       0x76 ./simplicity_sdk_2025.6.2/platform/service/memory_manager/src/sl_memory_manager.o
 .text.sl_malloc
                0x0000000008004be4       0x18 ./simplicity_sdk_2025.6.2/platform/service/memory_manager/src/sl_memory_manager.o
                0x0000000008004be4                sl_malloc
 .text.sl_memory_free
                0x0000000008004bfc       0x12 ./simplicity_sdk_2025.6.2/platform/service/memory_manager/src/sl_memory_manager.o
                0x0000000008004bfc                sl_memory_free
 .text.sl_free  0x0000000008004c0e        0x4 ./simplicity_sdk_2025.6.2/platform/service/memory_manager/src/sl_memory_manager.o
                0x0000000008004c0e                sl_free
 .text.sli_memory_metadata_init
                0x0000000008004c12        0x8 ./simplicity_sdk_2025.6.2/platform/service/memory_manager/src/sli_memory_manager_common.o
                0x0000000008004c12                sli_memory_metadata_init
 .text.sli_memory_find_free_block
                0x0000000008004c1a       0x96 ./simplicity_sdk_2025.6.2/platform/service/memory_manager/src/sli_memory_manager_common.o
                0x0000000008004c1a                sli_memory_find_free_block
 .text.sli_update_free_list_heads
                0x0000000008004cb0       0x6c ./simplicity_sdk_2025.6.2/platform/service/memory_manager/src/sli_memory_manager_common.o
                0x0000000008004cb0                sli_update_free_list_heads
 .text.__wrap_main
                0x0000000008004d1c        0xc ./simplicity_sdk_2025.6.2/platform/service/sl_main/src/rtos/main_retarget.o
                0x0000000008004d1c                __wrap_main
 .text.app_init_pre_clock
                0x0000000008004d28        0x2 ./simplicity_sdk_2025.6.2/platform/service/sl_main/src/sl_main_init.o
                0x0000000008004d28                app_init_pre_clock
 .text.app_init_early
                0x0000000008004d2a        0x2 ./simplicity_sdk_2025.6.2/platform/service/sl_main/src/sl_main_init.o
                0x0000000008004d2a                app_init_early
 .text.app_process_action
                0x0000000008004d2c        0x2 ./simplicity_sdk_2025.6.2/platform/service/sl_main/src/sl_main_init.o
                0x0000000008004d2c                app_process_action
 .text.sl_main_second_stage_init
                0x0000000008004d2e       0x1a ./simplicity_sdk_2025.6.2/platform/service/sl_main/src/sl_main_init.o
                0x0000000008004d2e                sl_main_second_stage_init
 .text.sl_main_init
                0x0000000008004d48       0x36 ./simplicity_sdk_2025.6.2/platform/service/sl_main/src/sl_main_init.o
                0x0000000008004d48                sl_main_init
 .text.app_permanent_memory_alloc
                0x0000000008004d7e        0x2 ./simplicity_sdk_2025.6.2/platform/service/sl_main/src/sl_main_init_memory.o
                0x0000000008004d7e                app_permanent_memory_alloc
 .text.sli_allocate_permanent_memory
                0x0000000008004d80       0x18 ./simplicity_sdk_2025.6.2/platform/service/sl_main/src/sl_main_init_memory.o
                0x0000000008004d80                sli_allocate_permanent_memory
 .text.sl_main_kernel_start
                0x0000000008004d98        0x4 ./simplicity_sdk_2025.6.2/platform/service/sl_main/src/sl_main_kernel.o
                0x0000000008004d98                sl_main_kernel_start
 .text.sl_main_start_task_should_continue
                0x0000000008004d9c        0x4 ./simplicity_sdk_2025.6.2/platform/service/sl_main/src/sl_main_kernel.o
                0x0000000008004d9c                sl_main_start_task_should_continue
 .text.memset   0x0000000008004da0       0x10 /Applications/ArmGNUToolchain/12.2.rel1/arm-none-eabi/bin/../lib/gcc/arm-none-eabi/12.2.1/../../../../arm-none-eabi/lib/thumb/v8-m.main+fp/hard/libc_nano.a(libc_a-memset.o)
                0x0000000008004da0                memset
 .text.memcpy   0x0000000008004db0       0x1a /Applications/ArmGNUToolchain/12.2.rel1/arm-none-eabi/bin/../lib/gcc/arm-none-eabi/12.2.1/../../../../arm-none-eabi/lib/thumb/v8-m.main+fp/hard/libc_nano.a(libc_a-memcpy-stub.o)
                0x0000000008004db0                memcpy
 .text          0x0000000008004dca       0x10 /Applications/ArmGNUToolchain/12.2.rel1/arm-none-eabi/bin/../lib/gcc/arm-none-eabi/12.2.1/../../../../arm-none-eabi/lib/thumb/v8-m.main+fp/hard/libc_nano.a(libc_a-strlen.o)
                0x0000000008004dca                strlen
 .text.strcpy   0x0000000008004dda       0x10 /Applications/ArmGNUToolchain/12.2.rel1/arm-none-eabi/bin/../lib/gcc/arm-none-eabi/12.2.1/../../../../arm-none-eabi/lib/thumb/v8-m.main+fp/hard/libc_nano.a(libc_a-strcpy.o)
                0x0000000008004dda                strcpy
 *(SORT_BY_ALIGNMENT(text_*))
 *fill*         0x0000000008004dea        0x2 
 text_system_timecritical19225
                0x0000000008004dec        0xc ./simplicity_sdk_2025.6.2/platform/Device/SiliconLabs/EFR32MG24/Source/system_efr32mg24.o
                0x0000000008004dec                SystemHFRCODPLLClockGet
 text_system_timecritical20228
                0x0000000008004df8       0x40 ./simplicity_sdk_2025.6.2/platform/Device/SiliconLabs/EFR32MG24/Source/system_efr32mg24.o
                0x0000000008004df8                SystemSYSCLKGet
 text_system_timecritical16181
                0x0000000008004e38       0x24 ./simplicity_sdk_2025.6.2/platform/Device/SiliconLabs/EFR32MG24/Source/system_efr32mg24.o
                0x0000000008004e38                SystemHCLKGet
 text_system_timecritical21230
                0x0000000008004e5c        0x8 ./simplicity_sdk_2025.6.2/platform/Device/SiliconLabs/EFR32MG24/Source/system_efr32mg24.o
                0x0000000008004e5c                SystemMaxCoreClockGet
 text_system_timecritical22232
                0x0000000008004e64        0x8 ./simplicity_sdk_2025.6.2/platform/Device/SiliconLabs/EFR32MG24/Source/system_efr32mg24.o
                0x0000000008004e64                SystemFSRCOClockGet
 text_system_timecritical23234
                0x0000000008004e6c        0xc ./simplicity_sdk_2025.6.2/platform/Device/SiliconLabs/EFR32MG24/Source/system_efr32mg24.o
                0x0000000008004e6c                SystemHFXOClockGet
 text_system_timecritical24237
                0x0000000008004e78        0x8 ./simplicity_sdk_2025.6.2/platform/Device/SiliconLabs/EFR32MG24/Source/system_efr32mg24.o
                0x0000000008004e78                SystemCLKIN0Get
 text_system_timecritical25239
                0x0000000008004e80       0x90 ./simplicity_sdk_2025.6.2/platform/Device/SiliconLabs/EFR32MG24/Source/system_efr32mg24.o
                0x0000000008004e80                SystemHFRCOEM23ClockGet
 text_system_timecritical26241
                0x0000000008004f10        0xc ./simplicity_sdk_2025.6.2/platform/Device/SiliconLabs/EFR32MG24/Source/system_efr32mg24.o
                0x0000000008004f10                SystemLFXOClockGet
 text_gpio_timecritical39192
                0x0000000008004f1c       0x5c ./simplicity_sdk_2025.6.2/platform/driver/gpio/src/sl_gpio.o
                0x0000000008004f1c                sl_gpio_toggle_pin
 text_dmadrv_timecritical30168
                0x0000000008004f78       0x4c ./simplicity_sdk_2025.6.2/platform/emdrv/dmadrv/src/dmadrv.o
                0x0000000008004f78                DMADRV_TransferActive
 text_uartdrv_timecritical64160
                0x0000000008004fc4       0x20 ./simplicity_sdk_2025.6.2/platform/emdrv/uartdrv/src/uartdrv.o
 text_hal_gpio_timecritical29429
                0x0000000008004fe4       0x54 ./simplicity_sdk_2025.6.2/platform/peripheral/src/sl_hal_gpio.o
                0x0000000008004fe4                sl_hal_gpio_set_pin
 text_hal_gpio_timecritical30666
                0x0000000008005038       0x54 ./simplicity_sdk_2025.6.2/platform/peripheral/src/sl_hal_gpio.o
                0x0000000008005038                sl_hal_gpio_toggle_pin
 text_hal_sysrtc_timecritical29261
                0x000000000800508c       0x14 ./simplicity_sdk_2025.6.2/platform/peripheral/src/sl_hal_sysrtc.o
                0x000000000800508c                sl_hal_sysrtc_wait_sync
 text_hal_sysrtc_timecritical31625
                0x00000000080050a0       0x24 ./simplicity_sdk_2025.6.2/platform/peripheral/src/sl_hal_sysrtc.o
                0x00000000080050a0                sl_hal_sysrtc_wait_sync_group
 text_hal_sysrtc_timecritical32658
                0x00000000080050c4       0x1c ./simplicity_sdk_2025.6.2/platform/peripheral/src/sl_hal_sysrtc.o
                0x00000000080050c4                sl_hal_sysrtc_enable_group_interrupts
 text_hal_sysrtc_timecritical33674
                0x00000000080050e0       0x1c ./simplicity_sdk_2025.6.2/platform/peripheral/src/sl_hal_sysrtc.o
                0x00000000080050e0                sl_hal_sysrtc_disable_group_interrupts
 text_hal_sysrtc_timecritical34690
                0x00000000080050fc       0x1c ./simplicity_sdk_2025.6.2/platform/peripheral/src/sl_hal_sysrtc.o
                0x00000000080050fc                sl_hal_sysrtc_clear_group_interrupts
 text_hal_sysrtc_timecritical35709
                0x0000000008005118       0x20 ./simplicity_sdk_2025.6.2/platform/peripheral/src/sl_hal_sysrtc.o
                0x0000000008005118                sl_hal_sysrtc_get_group_interrupts
 text_hal_sysrtc_timecritical36758
                0x0000000008005138       0x28 ./simplicity_sdk_2025.6.2/platform/peripheral/src/sl_hal_sysrtc.o
                0x0000000008005138                sl_hal_sysrtc_get_group_compare_channel_value
 text_hal_sysrtc_timecritical37775
                0x0000000008005160       0x28 ./simplicity_sdk_2025.6.2/platform/peripheral/src/sl_hal_sysrtc.o
                0x0000000008005160                sl_hal_sysrtc_set_group_compare_channel_value
 text_clock_manager_timecritical2674
                0x0000000008005188       0x54 ./simplicity_sdk_2025.6.2/platform/service/clock_manager/src/sl_clock_manager_hal_s2.o
                0x0000000008005188                sli_clock_manager_hal_enable_bus_clock
 text_sleeptimer_timecritical66121
                0x00000000080051dc       0x40 ./simplicity_sdk_2025.6.2/platform/service/sleeptimer/src/sl_sleeptimer.o
 text_sleeptimer_timecritical67125
                0x000000000800521c       0x3c ./simplicity_sdk_2025.6.2/platform/service/sleeptimer/src/sl_sleeptimer.o
 text_sleeptimer_timecritical69131
                0x0000000008005258       0x34 ./simplicity_sdk_2025.6.2/platform/service/sleeptimer/src/sl_sleeptimer.o
 text_sleeptimer_timecritical68128
                0x000000000800528c       0x64 ./simplicity_sdk_2025.6.2/platform/service/sleeptimer/src/sl_sleeptimer.o
 text_sleeptimer_timecritical65151
                0x00000000080052f0      0x148 ./simplicity_sdk_2025.6.2/platform/service/sleeptimer/src/sl_sleeptimer.o
                0x00000000080052f0                process_timer_irq
 text_sleeptimer_timecritical6454
                0x0000000008005438       0x10 ./simplicity_sdk_2025.6.2/platform/service/sleeptimer/src/sl_sleeptimer_hal_sysrtc.o
                0x0000000008005438                sleeptimer_hal_get_counter
 text_sleeptimer_timecritical6885
                0x0000000008005448       0x18 ./simplicity_sdk_2025.6.2/platform/service/sleeptimer/src/sl_sleeptimer_hal_sysrtc.o
                0x0000000008005448                sleeptimer_hal_get_timer_frequency
 text_sleeptimer_timecritical6670
                0x0000000008005460       0x70 ./simplicity_sdk_2025.6.2/platform/service/sleeptimer/src/sl_sleeptimer_hal_sysrtc.o
                0x0000000008005460                sleeptimer_hal_set_compare
 text_sleeptimer_timecritical70101
                0x00000000080054d0       0x24 ./simplicity_sdk_2025.6.2/platform/service/sleeptimer/src/sl_sleeptimer_hal_sysrtc.o
                0x00000000080054d0                sleeptimer_hal_disable_int
 text_sleeptimer_timecritical71109
                0x00000000080054f4       0x10 ./simplicity_sdk_2025.6.2/platform/service/sleeptimer/src/sl_sleeptimer_hal_sysrtc.o
                0x00000000080054f4                sleeptimer_hal_set_int
 text_freertos_kernel_timecritical176205
                0x0000000008005504       0x2c ./simplicity_sdk_2025.6.2/util/third_party/freertos/cmsis/Source/cmsis_os2.o
                0x0000000008005504                osKernelInitialize
 text_freertos_kernel_timecritical179294
                0x0000000008005530       0x38 ./simplicity_sdk_2025.6.2/util/third_party/freertos/cmsis/Source/cmsis_os2.o
                0x0000000008005530                osKernelStart
 text_freertos_kernel_timecritical2513000
                0x0000000008005568       0x18 ./simplicity_sdk_2025.6.2/util/third_party/freertos/cmsis/Source/cmsis_os2.o
                0x0000000008005568                vApplicationGetIdleTaskMemory
 text_freertos_kernel_timecritical2523001
                0x0000000008005580       0x18 ./simplicity_sdk_2025.6.2/util/third_party/freertos/cmsis/Source/cmsis_os2.o
                0x0000000008005580                vApplicationGetTimerTaskMemory
 text_freertos_kernel_timecritical105913
                0x0000000008005598      0x108 ./simplicity_sdk_2025.6.2/util/third_party/freertos/kernel/queue.o
                0x0000000008005598                xQueueReceive
 text_freertos_kernel_timecritical1241563
                0x00000000080056a0       0x50 ./simplicity_sdk_2025.6.2/util/third_party/freertos/kernel/queue.o
                0x00000000080056a0                vQueueAddToRegistry
 text_freertos_kernel_timecritical1311783
                0x00000000080056f0       0x88 ./simplicity_sdk_2025.6.2/util/third_party/freertos/kernel/queue.o
                0x00000000080056f0                xQueueGenericReset
 text_freertos_kernel_timecritical1281616
                0x0000000008005778       0x8c ./simplicity_sdk_2025.6.2/util/third_party/freertos/kernel/queue.o
                0x0000000008005778                xQueueGenericCreateStatic
 text_freertos_kernel_timecritical128623
                0x0000000008005804       0x9c ./simplicity_sdk_2025.6.2/util/third_party/freertos/kernel/tasks.o
 text_freertos_kernel_timecritical131682
                0x00000000080058a0       0x24 ./simplicity_sdk_2025.6.2/util/third_party/freertos/kernel/tasks.o
 text_freertos_kernel_timecritical126607
                0x00000000080058c4       0x38 ./simplicity_sdk_2025.6.2/util/third_party/freertos/kernel/tasks.o
 text_freertos_kernel_timecritical127616
                0x00000000080058fc       0x40 ./simplicity_sdk_2025.6.2/util/third_party/freertos/kernel/tasks.o
 text_freertos_kernel_timecritical133712
                0x000000000800593c      0x100 ./simplicity_sdk_2025.6.2/util/third_party/freertos/kernel/tasks.o
 text_freertos_kernel_timecritical125593
                0x0000000008005a3c       0x18 ./simplicity_sdk_2025.6.2/util/third_party/freertos/kernel/tasks.o
 text_freertos_kernel_timecritical132706
                0x0000000008005a54       0x90 ./simplicity_sdk_2025.6.2/util/third_party/freertos/kernel/tasks.o
 text_freertos_kernel_timecritical46507
                0x0000000008005ae4       0xa4 ./simplicity_sdk_2025.6.2/util/third_party/freertos/kernel/tasks.o
                0x0000000008005ae4                xTaskCreateStatic
 text_freertos_kernel_timecritical47794
                0x0000000008005b88       0xa8 ./simplicity_sdk_2025.6.2/util/third_party/freertos/kernel/tasks.o
                0x0000000008005b88                vTaskDelete
 text_freertos_kernel_timecritical551070
                0x0000000008005c30       0x94 ./simplicity_sdk_2025.6.2/util/third_party/freertos/kernel/tasks.o
                0x0000000008005c30                eTaskGetState
 text_freertos_kernel_timecritical611507
                0x0000000008005cc4       0x9c ./simplicity_sdk_2025.6.2/util/third_party/freertos/kernel/tasks.o
                0x0000000008005cc4                vTaskStartScheduler
 text_freertos_kernel_timecritical631618
                0x0000000008005d60       0x10 ./simplicity_sdk_2025.6.2/util/third_party/freertos/kernel/tasks.o
                0x0000000008005d60                vTaskSuspendAll
 text_freertos_kernel_timecritical651691
                0x0000000008005d70        0xc ./simplicity_sdk_2025.6.2/util/third_party/freertos/kernel/tasks.o
                0x0000000008005d70                xTaskGetTickCount
 text_freertos_kernel_timecritical833471
                0x0000000008005d7c      0x17c ./simplicity_sdk_2025.6.2/util/third_party/freertos/kernel/tasks.o
                0x0000000008005d7c                xTaskIncrementTick
 text_freertos_kernel_timecritical641674
                0x0000000008005ef8      0x148 ./simplicity_sdk_2025.6.2/util/third_party/freertos/kernel/tasks.o
                0x0000000008005ef8                xTaskResumeAll
 text_freertos_kernel_timecritical48848
                0x0000000008006040       0x40 ./simplicity_sdk_2025.6.2/util/third_party/freertos/kernel/tasks.o
                0x0000000008006040                vTaskDelay
 text_freertos_kernel_timecritical843505
                0x0000000008006080       0x34 ./simplicity_sdk_2025.6.2/util/third_party/freertos/kernel/tasks.o
                0x0000000008006080                vTaskPlaceOnEventList
 text_freertos_kernel_timecritical863523
                0x00000000080060b4       0x5c ./simplicity_sdk_2025.6.2/util/third_party/freertos/kernel/tasks.o
                0x00000000080060b4                vTaskPlaceOnEventListRestricted
 text_freertos_kernel_timecritical873549
                0x0000000008006110       0xc4 ./simplicity_sdk_2025.6.2/util/third_party/freertos/kernel/tasks.o
                0x0000000008006110                xTaskRemoveFromEventList
 text_freertos_kernel_timecritical893562
                0x00000000080061d4       0xa8 ./simplicity_sdk_2025.6.2/util/third_party/freertos/kernel/tasks.o
                0x00000000080061d4                vTaskSwitchContext
 text_freertos_kernel_timecritical933587
                0x000000000800627c        0xc ./simplicity_sdk_2025.6.2/util/third_party/freertos/kernel/tasks.o
                0x000000000800627c                vTaskMissedYield
 text_freertos_kernel_timecritical943593
                0x0000000008006288       0x20 ./simplicity_sdk_2025.6.2/util/third_party/freertos/kernel/tasks.o
                0x0000000008006288                xTaskGetSchedulerState
 text_freertos_kernel_timecritical1013674
                0x00000000080062a8       0x18 ./simplicity_sdk_2025.6.2/util/third_party/freertos/kernel/tasks.o
                0x00000000080062a8                vTaskInternalSetTimeOutState
 text_freertos_kernel_timecritical803402
                0x00000000080062c0       0x84 ./simplicity_sdk_2025.6.2/util/third_party/freertos/kernel/tasks.o
                0x00000000080062c0                xTaskCheckForTimeOut
 text_freertos_kernel_timecritical161174
                0x0000000008006344       0x3c ./simplicity_sdk_2025.6.2/util/third_party/freertos/kernel/timers.o
 text_freertos_kernel_timecritical163190
                0x0000000008006380       0x40 ./simplicity_sdk_2025.6.2/util/third_party/freertos/kernel/timers.o
 text_freertos_kernel_timecritical165202
                0x00000000080063c0       0x4c ./simplicity_sdk_2025.6.2/util/third_party/freertos/kernel/timers.o
 text_freertos_kernel_timecritical158152
                0x000000000800640c       0x68 ./simplicity_sdk_2025.6.2/util/third_party/freertos/kernel/timers.o
 text_freertos_kernel_timecritical159159
                0x0000000008006474      0x16c ./simplicity_sdk_2025.6.2/util/third_party/freertos/kernel/timers.o
 text_freertos_kernel_timecritical1521348
                0x00000000080065e0       0x64 ./simplicity_sdk_2025.6.2/util/third_party/freertos/kernel/timers.o
                0x00000000080065e0                xTimerCreateTimerTask
 text_freertos_kernel_timecritical29131
                0x0000000008006644       0x70 ./simplicity_sdk_2025.6.2/util/third_party/freertos/kernel/portable/GCC/ARM_CM33_NTZ/non_secure/port.o
                0x0000000008006644                pxPortInitialiseStack
 text_freertos_kernel_timecritical111413
                0x00000000080066b4       0x28 ./simplicity_sdk_2025.6.2/util/third_party/freertos/kernel/portable/GCC/ARM_CM33_NTZ/non_secure/port.o
                0x00000000080066b4                vPortSetupTimerInterrupt
 text_freertos_kernel_timecritical38218
                0x00000000080066dc      0x100 ./simplicity_sdk_2025.6.2/util/third_party/freertos/kernel/portable/GCC/ARM_CM33_NTZ/non_secure/port.o
                0x00000000080066dc                xPortStartScheduler
 text_freertos_kernel_timecritical113431
                0x00000000080067dc       0x1c ./simplicity_sdk_2025.6.2/util/third_party/freertos/kernel/portable/GCC/ARM_CM33_NTZ/non_secure/port.o
                0x00000000080067dc                vPortEnterCritical
 text_freertos_kernel_timecritical114436
                0x00000000080067f8       0x30 ./simplicity_sdk_2025.6.2/util/third_party/freertos/kernel/portable/GCC/ARM_CM33_NTZ/non_secure/port.o
                0x00000000080067f8                vPortExitCritical
 text_freertos_kernel_timecritical116446
                0x0000000008006828       0x38 ./simplicity_sdk_2025.6.2/util/third_party/freertos/kernel/portable/GCC/ARM_CM33_NTZ/non_secure/port.o
                0x0000000008006828                vPortSVCHandler_C
 text_freertos_kernel_timecritical4042
                0x0000000008006860       0x2c ./simplicity_sdk_2025.6.2/util/third_party/freertos/kernel/portable/GCC/ARM_CM33_NTZ/non_secure/portasm.o
                0x0000000008006860                vRestoreContextOfFirstTask
 text_freertos_kernel_timecritical4277
                0x000000000800688c       0x20 ./simplicity_sdk_2025.6.2/util/third_party/freertos/kernel/portable/GCC/ARM_CM33_NTZ/non_secure/portasm.o
                0x000000000800688c                vStartFirstTask
 text_freertos_kernel_timecritical4592
                0x00000000080068ac       0x5c ./simplicity_sdk_2025.6.2/util/third_party/freertos/kernel/portable/GCC/ARM_CM33_NTZ/non_secure/portasm.o
                0x00000000080068ac                PendSV_Handler
 text_freertos_kernel_timecritical4697
                0x0000000008006908       0x18 ./simplicity_sdk_2025.6.2/util/third_party/freertos/kernel/portable/GCC/ARM_CM33_NTZ/non_secure/portasm.o
                0x0000000008006908                SVC_Handler
 text_system_timecritical27244
                0x0000000008006920        0x6 ./simplicity_sdk_2025.6.2/platform/Device/SiliconLabs/EFR32MG24/Source/system_efr32mg24.o
                0x0000000008006920                SystemLFRCOClockGet
 text_system_timecritical28246
                0x0000000008006926        0x6 ./simplicity_sdk_2025.6.2/platform/Device/SiliconLabs/EFR32MG24/Source/system_efr32mg24.o
                0x0000000008006926                SystemULFRCOClockGet
 text_core_timecritical2307
                0x000000000800692c        0xa ./simplicity_sdk_2025.6.2/platform/common/src/sl_core_cortexm.o
                0x000000000800692c                CORE_ExitCritical
 text_core_timecritical4331
                0x0000000008006936        0x8 ./simplicity_sdk_2025.6.2/platform/common/src/sl_core_cortexm.o
                0x0000000008006936                CORE_EnterCritical
 text_core_timecritical7363
                0x000000000800693e        0xa ./simplicity_sdk_2025.6.2/platform/common/src/sl_core_cortexm.o
                0x000000000800693e                CORE_ExitAtomic
 text_core_timecritical9387
                0x0000000008006948        0xc ./simplicity_sdk_2025.6.2/platform/common/src/sl_core_cortexm.o
                0x0000000008006948                CORE_EnterAtomic
 text_clock_manager_timecritical1352
                0x0000000008006954        0xa ./simplicity_sdk_2025.6.2/platform/service/clock_manager/src/sl_clock_manager.o
                0x0000000008006954                sl_clock_manager_get_clock_branch_frequency
 text_clock_manager_timecritical2380
                0x000000000800695e        0x6 ./simplicity_sdk_2025.6.2/platform/service/clock_manager/src/sl_clock_manager.o
                0x000000000800695e                sl_clock_manager_enable_bus_clock
 text_clock_manager_timecritical2561
                0x0000000008006964       0xc4 ./simplicity_sdk_2025.6.2/platform/service/clock_manager/src/sl_clock_manager_hal_s2.o
                0x0000000008006964                sli_clock_manager_hal_get_clock_branch_frequency
 text_sleeptimer_timecritical6562
                0x0000000008006a28        0x8 ./simplicity_sdk_2025.6.2/platform/service/sleeptimer/src/sl_sleeptimer_hal_sysrtc.o
                0x0000000008006a28                sleeptimer_hal_get_compare
 text_sleeptimer_timecritical6993
                0x0000000008006a30       0x12 ./simplicity_sdk_2025.6.2/platform/service/sleeptimer/src/sl_sleeptimer_hal_sysrtc.o
                0x0000000008006a30                sleeptimer_hal_enable_int
 text_sleeptimer_timecritical86325
                0x0000000008006a42       0x34 ./simplicity_sdk_2025.6.2/platform/service/sleeptimer/src/sl_sleeptimer_hal_sysrtc.o
                0x0000000008006a42                SYSRTC_APP_IRQHandler
 text_freertos_kernel_timecritical175172
                0x0000000008006a76       0x2a ./simplicity_sdk_2025.6.2/util/third_party/freertos/cmsis/Source/cmsis_os2.o
 text_freertos_kernel_timecritical173149
                0x0000000008006aa0       0x1a ./simplicity_sdk_2025.6.2/util/third_party/freertos/cmsis/Source/cmsis_os2.o
                0x0000000008006aa0                SysTick_Handler
 text_freertos_kernel_timecritical187518
                0x0000000008006aba       0xa6 ./simplicity_sdk_2025.6.2/util/third_party/freertos/cmsis/Source/cmsis_os2.o
                0x0000000008006aba                osThreadNew
 text_freertos_kernel_timecritical198840
                0x0000000008006b60       0x34 ./simplicity_sdk_2025.6.2/util/third_party/freertos/cmsis/Source/cmsis_os2.o
                0x0000000008006b60                osThreadTerminate
 text_freertos_kernel_timecritical40436
                0x0000000008006b94       0x16 ./simplicity_sdk_2025.6.2/util/third_party/freertos/kernel/list.o
                0x0000000008006b94                vListInitialise
 text_freertos_kernel_timecritical41447
                0x0000000008006baa        0x6 ./simplicity_sdk_2025.6.2/util/third_party/freertos/kernel/list.o
                0x0000000008006baa                vListInitialiseItem
 text_freertos_kernel_timecritical42461
                0x0000000008006bb0       0x2e ./simplicity_sdk_2025.6.2/util/third_party/freertos/kernel/list.o
                0x0000000008006bb0                vListInsert
 text_freertos_kernel_timecritical43483
                0x0000000008006bde       0x16 ./simplicity_sdk_2025.6.2/util/third_party/freertos/kernel/list.o
                0x0000000008006bde                vListInsertEnd
 text_freertos_kernel_timecritical44498
                0x0000000008006bf4       0x1e ./simplicity_sdk_2025.6.2/util/third_party/freertos/kernel/list.o
                0x0000000008006bf4                uxListRemove
 text_freertos_kernel_timecritical137178
                0x0000000008006c12       0x70 ./simplicity_sdk_2025.6.2/util/third_party/freertos/kernel/queue.o
 text_freertos_kernel_timecritical138185
                0x0000000008006c82       0x16 ./simplicity_sdk_2025.6.2/util/third_party/freertos/kernel/queue.o
 text_freertos_kernel_timecritical141206
                0x0000000008006c98       0x2c ./simplicity_sdk_2025.6.2/util/third_party/freertos/kernel/queue.o
 text_freertos_kernel_timecritical1301781
                0x0000000008006cc4       0x46 ./simplicity_sdk_2025.6.2/util/third_party/freertos/kernel/queue.o
                0x0000000008006cc4                vQueueWaitForMessageRestricted
 text_freertos_kernel_timecritical45379